{
  "version": "quire.codegen.composite-equality-claim-map/v1",
  "package_id": {
    "domain": "quire.package.semantic/v2",
    "algorithm": "sha256",
    "digest": "104981d438ae9034854bdf076927a7a5a0dca6759028faacf87a2c88da1203f6"
  },
  "runtime_revision": "4e330525be513fe57c67717dc22b969d36656b85",
  "blocked": [
    "operation identity not carried by CheckedPackage V2"
  ],
  "items": [
    {
      "node_id": {
        "domain": "quire.checked-semantic-node/v1",
        "digest": "0000000000000000000000000000000000000000000000000000000000000100"
      },
      "operation": {
        "identity": "equality.equal",
        "provenance": {
          "kind": "caller_declared",
          "blocked_on": "operation identity not carried by CheckedPackage V2"
        }
      },
      "result": {
        "disposition": "generated",
        "environment_symbol": "environment_15f4bacf0908fb59db407fd5451621cf30ff18f498af4c10999d959dffa2d9a6",
        "oracle_symbol": "oracle_15f4bacf0908fb59db407fd5451621cf30ff18f498af4c10999d959dffa2d9a6",
        "ir_id": {
          "domain": "quire.contract-ir.semantic/v1",
          "algorithm": "sha256",
          "digest": "814b478526e15be94ce79b4346ab78ab46e95b5a7af53fb0e197f81ba36705b4"
        },
        "package_id": {
          "domain": "quire.package.semantic/v2",
          "algorithm": "sha256",
          "digest": "104981d438ae9034854bdf076927a7a5a0dca6759028faacf87a2c88da1203f6"
        },
        "semantic_type": {
          "domain": "quire.checked-semantic-node/v1",
          "digest": "0000000000000000000000000000000000000000000000000000000000000001"
        },
        "source_map": [
          {
            "node_id": {
              "domain": "quire.checked-semantic-node/v1",
              "digest": "0000000000000000000000000000000000000000000000000000000000000100"
            },
            "role": "declaration",
            "ordinal": 0,
            "regions": [
              {
                "source": {
                  "authority": "agent-ix",
                  "identity": "example",
                  "revision": {
                    "namespace": "git",
                    "value": "1"
                  },
                  "digest_domain": "quire.source.bytes/v1",
                  "digest": "2222222222222222222222222222222222222222222222222222222222222222"
                },
                "start": 29,
                "end": 30
              }
            ]
          }
        ],
        "claims": [],
        "descriptor": {
          "operator": "equal",
          "left_source_type": {
            "domain": "quire.checked-semantic-node/v1",
            "digest": "0000000000000000000000000000000000000000000000000000000000000020"
          },
          "left_conversion_target": null,
          "right_source_type": {
            "domain": "quire.checked-semantic-node/v1",
            "digest": "0000000000000000000000000000000000000000000000000000000000000020"
          },
          "right_conversion_target": null
        },
        "declaration_keys": [
          {
            "domain": "quire.checked-semantic-node/v1",
            "digest": "0000000000000000000000000000000000000000000000000000000000000020"
          }
        ],
        "declaration_runtime_keys": [
          "0000000000000000000000000000000000000000000000000000000000000020"
        ],
        "schedule": "plan"
      }
    },
    {
      "node_id": {
        "domain": "quire.checked-semantic-node/v1",
        "digest": "0000000000000000000000000000000000000000000000000000000000000100"
      },
      "operation": {
        "identity": "equality.not_equal",
        "provenance": {
          "kind": "caller_declared",
          "blocked_on": "operation identity not carried by CheckedPackage V2"
        }
      },
      "result": {
        "disposition": "generated",
        "environment_symbol": "environment_d710d3e47cbf0de46401ae4200ee16178c4b09b5c42dde2a7932a5ab12eafc9f",
        "oracle_symbol": "oracle_d710d3e47cbf0de46401ae4200ee16178c4b09b5c42dde2a7932a5ab12eafc9f",
        "ir_id": {
          "domain": "quire.contract-ir.semantic/v1",
          "algorithm": "sha256",
          "digest": "814b478526e15be94ce79b4346ab78ab46e95b5a7af53fb0e197f81ba36705b4"
        },
        "package_id": {
          "domain": "quire.package.semantic/v2",
          "algorithm": "sha256",
          "digest": "104981d438ae9034854bdf076927a7a5a0dca6759028faacf87a2c88da1203f6"
        },
        "semantic_type": {
          "domain": "quire.checked-semantic-node/v1",
          "digest": "0000000000000000000000000000000000000000000000000000000000000001"
        },
        "source_map": [
          {
            "node_id": {
              "domain": "quire.checked-semantic-node/v1",
              "digest": "0000000000000000000000000000000000000000000000000000000000000100"
            },
            "role": "declaration",
            "ordinal": 0,
            "regions": [
              {
                "source": {
                  "authority": "agent-ix",
                  "identity": "example",
                  "revision": {
                    "namespace": "git",
                    "value": "1"
                  },
                  "digest_domain": "quire.source.bytes/v1",
                  "digest": "2222222222222222222222222222222222222222222222222222222222222222"
                },
                "start": 29,
                "end": 30
              }
            ]
          }
        ],
        "claims": [],
        "descriptor": {
          "operator": "not_equal",
          "left_source_type": {
            "domain": "quire.checked-semantic-node/v1",
            "digest": "0000000000000000000000000000000000000000000000000000000000000020"
          },
          "left_conversion_target": null,
          "right_source_type": {
            "domain": "quire.checked-semantic-node/v1",
            "digest": "0000000000000000000000000000000000000000000000000000000000000020"
          },
          "right_conversion_target": null
        },
        "declaration_keys": [
          {
            "domain": "quire.checked-semantic-node/v1",
            "digest": "0000000000000000000000000000000000000000000000000000000000000020"
          }
        ],
        "declaration_runtime_keys": [
          "0000000000000000000000000000000000000000000000000000000000000020"
        ],
        "schedule": "plan"
      }
    },
    {
      "node_id": {
        "domain": "quire.checked-semantic-node/v1",
        "digest": "0000000000000000000000000000000000000000000000000000000000000102"
      },
      "operation": {
        "identity": "equality.equal",
        "provenance": {
          "kind": "caller_declared",
          "blocked_on": "operation identity not carried by CheckedPackage V2"
        }
      },
      "result": {
        "disposition": "generated",
        "environment_symbol": "environment_c917767e5a48d3f6ba8f8804a76cdee231ca38dd3a2f340202f8bea2437e6021",
        "oracle_symbol": "oracle_c917767e5a48d3f6ba8f8804a76cdee231ca38dd3a2f340202f8bea2437e6021",
        "ir_id": {
          "domain": "quire.contract-ir.semantic/v1",
          "algorithm": "sha256",
          "digest": "92e66948c8082224a0e3925ab8a69b5b3bc79233a37a1d455a815f82fb25fdf3"
        },
        "package_id": {
          "domain": "quire.package.semantic/v2",
          "algorithm": "sha256",
          "digest": "104981d438ae9034854bdf076927a7a5a0dca6759028faacf87a2c88da1203f6"
        },
        "semantic_type": {
          "domain": "quire.checked-semantic-node/v1",
          "digest": "0000000000000000000000000000000000000000000000000000000000000001"
        },
        "source_map": [
          {
            "node_id": {
              "domain": "quire.checked-semantic-node/v1",
              "digest": "0000000000000000000000000000000000000000000000000000000000000102"
            },
            "role": "declaration",
            "ordinal": 0,
            "regions": [
              {
                "source": {
                  "authority": "agent-ix",
                  "identity": "example",
                  "revision": {
                    "namespace": "git",
                    "value": "1"
                  },
                  "digest_domain": "quire.source.bytes/v1",
                  "digest": "2222222222222222222222222222222222222222222222222222222222222222"
                },
                "start": 31,
                "end": 32
              }
            ]
          }
        ],
        "claims": [],
        "descriptor": {
          "operator": "equal",
          "left_source_type": {
            "domain": "quire.checked-semantic-node/v1",
            "digest": "0000000000000000000000000000000000000000000000000000000000000024"
          },
          "left_conversion_target": null,
          "right_source_type": {
            "domain": "quire.checked-semantic-node/v1",
            "digest": "0000000000000000000000000000000000000000000000000000000000000024"
          },
          "right_conversion_target": null
        },
        "declaration_keys": [
          {
            "domain": "quire.checked-semantic-node/v1",
            "digest": "0000000000000000000000000000000000000000000000000000000000000024"
          }
        ],
        "declaration_runtime_keys": [
          "0000000000000000000000000000000000000000000000000000000000000024"
        ],
        "schedule": "plan"
      }
    },
    {
      "node_id": {
        "domain": "quire.checked-semantic-node/v1",
        "digest": "0000000000000000000000000000000000000000000000000000000000000103"
      },
      "operation": {
        "identity": "equality.equal",
        "provenance": {
          "kind": "caller_declared",
          "blocked_on": "operation identity not carried by CheckedPackage V2"
        }
      },
      "result": {
        "disposition": "generated",
        "environment_symbol": "environment_19fe98bf2b61e3d287b91d96038ca3cfba585e6aa9d9fe396023e97f58252af7",
        "oracle_symbol": "oracle_19fe98bf2b61e3d287b91d96038ca3cfba585e6aa9d9fe396023e97f58252af7",
        "ir_id": {
          "domain": "quire.contract-ir.semantic/v1",
          "algorithm": "sha256",
          "digest": "d725d2f0a1a8cf062fdbc0b4cabdc5fce398a8281b5891ad9a9130cab9b0d13e"
        },
        "package_id": {
          "domain": "quire.package.semantic/v2",
          "algorithm": "sha256",
          "digest": "104981d438ae9034854bdf076927a7a5a0dca6759028faacf87a2c88da1203f6"
        },
        "semantic_type": {
          "domain": "quire.checked-semantic-node/v1",
          "digest": "0000000000000000000000000000000000000000000000000000000000000001"
        },
        "source_map": [
          {
            "node_id": {
              "domain": "quire.checked-semantic-node/v1",
              "digest": "0000000000000000000000000000000000000000000000000000000000000103"
            },
            "role": "declaration",
            "ordinal": 0,
            "regions": [
              {
                "source": {
                  "authority": "agent-ix",
                  "identity": "example",
                  "revision": {
                    "namespace": "git",
                    "value": "1"
                  },
                  "digest_domain": "quire.source.bytes/v1",
                  "digest": "2222222222222222222222222222222222222222222222222222222222222222"
                },
                "start": 32,
                "end": 33
              }
            ]
          }
        ],
        "claims": [],
        "descriptor": {
          "operator": "equal",
          "left_source_type": {
            "domain": "quire.checked-semantic-node/v1",
            "digest": "0000000000000000000000000000000000000000000000000000000000000025"
          },
          "left_conversion_target": null,
          "right_source_type": {
            "domain": "quire.checked-semantic-node/v1",
            "digest": "0000000000000000000000000000000000000000000000000000000000000025"
          },
          "right_conversion_target": null
        },
        "declaration_keys": [],
        "declaration_runtime_keys": [],
        "schedule": "plan"
      }
    },
    {
      "node_id": {
        "domain": "quire.checked-semantic-node/v1",
        "digest": "0000000000000000000000000000000000000000000000000000000000000104"
      },
      "operation": {
        "identity": "equality.equal",
        "provenance": {
          "kind": "caller_declared",
          "blocked_on": "operation identity not carried by CheckedPackage V2"
        }
      },
      "result": {
        "disposition": "generated",
        "environment_symbol": "environment_6c3907cac3cc8b8def849dd9a7ccc97bd2e4965d6088a8d1e66073cfed623edf",
        "oracle_symbol": "oracle_6c3907cac3cc8b8def849dd9a7ccc97bd2e4965d6088a8d1e66073cfed623edf",
        "ir_id": {
          "domain": "quire.contract-ir.semantic/v1",
          "algorithm": "sha256",
          "digest": "ed5d50a7bec463a4f7312059c15c9260183fb3b95afd47a91207e0bb1d717804"
        },
        "package_id": {
          "domain": "quire.package.semantic/v2",
          "algorithm": "sha256",
          "digest": "104981d438ae9034854bdf076927a7a5a0dca6759028faacf87a2c88da1203f6"
        },
        "semantic_type": {
          "domain": "quire.checked-semantic-node/v1",
          "digest": "0000000000000000000000000000000000000000000000000000000000000001"
        },
        "source_map": [
          {
            "node_id": {
              "domain": "quire.checked-semantic-node/v1",
              "digest": "0000000000000000000000000000000000000000000000000000000000000104"
            },
            "role": "declaration",
            "ordinal": 0,
            "regions": [
              {
                "source": {
                  "authority": "agent-ix",
                  "identity": "example",
                  "revision": {
                    "namespace": "git",
                    "value": "1"
                  },
                  "digest_domain": "quire.source.bytes/v1",
                  "digest": "2222222222222222222222222222222222222222222222222222222222222222"
                },
                "start": 33,
                "end": 34
              }
            ]
          }
        ],
        "claims": [],
        "descriptor": {
          "operator": "equal",
          "left_source_type": {
            "domain": "quire.checked-semantic-node/v1",
            "digest": "0000000000000000000000000000000000000000000000000000000000000003"
          },
          "left_conversion_target": null,
          "right_source_type": {
            "domain": "quire.checked-semantic-node/v1",
            "digest": "0000000000000000000000000000000000000000000000000000000000000003"
          },
          "right_conversion_target": null
        },
        "declaration_keys": [],
        "declaration_runtime_keys": [],
        "schedule": "text"
      }
    },
    {
      "node_id": {
        "domain": "quire.checked-semantic-node/v1",
        "digest": "0000000000000000000000000000000000000000000000000000000000000105"
      },
      "operation": {
        "identity": "equality.equal",
        "provenance": {
          "kind": "caller_declared",
          "blocked_on": "operation identity not carried by CheckedPackage V2"
        }
      },
      "result": {
        "disposition": "generated",
        "environment_symbol": "environment_e88ebbb852f2c82a1bd2db38e1b7341e7314f5dfa10716a9567dc7ae7e05420b",
        "oracle_symbol": "oracle_e88ebbb852f2c82a1bd2db38e1b7341e7314f5dfa10716a9567dc7ae7e05420b",
        "ir_id": {
          "domain": "quire.contract-ir.semantic/v1",
          "algorithm": "sha256",
          "digest": "d570e11b457b583b209b3c79620c4d6fa0fbb4db3464948f204f0c8cabd38e1d"
        },
        "package_id": {
          "domain": "quire.package.semantic/v2",
          "algorithm": "sha256",
          "digest": "104981d438ae9034854bdf076927a7a5a0dca6759028faacf87a2c88da1203f6"
        },
        "semantic_type": {
          "domain": "quire.checked-semantic-node/v1",
          "digest": "0000000000000000000000000000000000000000000000000000000000000001"
        },
        "source_map": [
          {
            "node_id": {
              "domain": "quire.checked-semantic-node/v1",
              "digest": "0000000000000000000000000000000000000000000000000000000000000105"
            },
            "role": "declaration",
            "ordinal": 0,
            "regions": [
              {
                "source": {
                  "authority": "agent-ix",
                  "identity": "example",
                  "revision": {
                    "namespace": "git",
                    "value": "1"
                  },
                  "digest_domain": "quire.source.bytes/v1",
                  "digest": "2222222222222222222222222222222222222222222222222222222222222222"
                },
                "start": 34,
                "end": 35
              }
            ]
          }
        ],
        "claims": [],
        "descriptor": {
          "operator": "equal",
          "left_source_type": {
            "domain": "quire.checked-semantic-node/v1",
            "digest": "7928f1e1b570335b404c8d21c66da8a3b8e37e434b0ebc622f80285488811562"
          },
          "left_conversion_target": null,
          "right_source_type": {
            "domain": "quire.checked-semantic-node/v1",
            "digest": "7928f1e1b570335b404c8d21c66da8a3b8e37e434b0ebc622f80285488811562"
          },
          "right_conversion_target": null
        },
        "declaration_keys": [],
        "declaration_runtime_keys": [],
        "schedule": "enum"
      }
    },
    {
      "node_id": {
        "domain": "quire.checked-semantic-node/v1",
        "digest": "0000000000000000000000000000000000000000000000000000000000000110"
      },
      "operation": {
        "identity": "equality.equal",
        "provenance": {
          "kind": "caller_declared",
          "blocked_on": "operation identity not carried by CheckedPackage V2"
        }
      },
      "result": {
        "disposition": "generated",
        "environment_symbol": "environment_295074cf411f93dea95fe591f3e87ab4360e53bd096eeffe2e6999eae57f81e9",
        "oracle_symbol": "oracle_295074cf411f93dea95fe591f3e87ab4360e53bd096eeffe2e6999eae57f81e9",
        "ir_id": {
          "domain": "quire.contract-ir.semantic/v1",
          "algorithm": "sha256",
          "digest": "c6eea5da5681b651d3776393e19c993ff5333d47a42ca36f551bc71c3326e823"
        },
        "package_id": {
          "domain": "quire.package.semantic/v2",
          "algorithm": "sha256",
          "digest": "104981d438ae9034854bdf076927a7a5a0dca6759028faacf87a2c88da1203f6"
        },
        "semantic_type": {
          "domain": "quire.checked-semantic-node/v1",
          "digest": "0000000000000000000000000000000000000000000000000000000000000001"
        },
        "source_map": [
          {
            "node_id": {
              "domain": "quire.checked-semantic-node/v1",
              "digest": "0000000000000000000000000000000000000000000000000000000000000110"
            },
            "role": "declaration",
            "ordinal": 0,
            "regions": [
              {
                "source": {
                  "authority": "agent-ix",
                  "identity": "example",
                  "revision": {
                    "namespace": "git",
                    "value": "1"
                  },
                  "digest_domain": "quire.source.bytes/v1",
                  "digest": "2222222222222222222222222222222222222222222222222222222222222222"
                },
                "start": 39,
                "end": 40
              }
            ]
          }
        ],
        "claims": [],
        "descriptor": {
          "operator": "equal",
          "left_source_type": {
            "domain": "quire.checked-semantic-node/v1",
            "digest": "0000000000000000000000000000000000000000000000000000000000000029"
          },
          "left_conversion_target": null,
          "right_source_type": {
            "domain": "quire.checked-semantic-node/v1",
            "digest": "0000000000000000000000000000000000000000000000000000000000000029"
          },
          "right_conversion_target": null
        },
        "declaration_keys": [
          {
            "domain": "quire.checked-semantic-node/v1",
            "digest": "0000000000000000000000000000000000000000000000000000000000000029"
          }
        ],
        "declaration_runtime_keys": [
          "0000000000000000000000000000000000000000000000000000000000000029"
        ],
        "schedule": "plan"
      }
    },
    {
      "node_id": {
        "domain": "quire.checked-semantic-node/v1",
        "digest": "0000000000000000000000000000000000000000000000000000000000000111"
      },
      "operation": {
        "identity": "equality.equal",
        "provenance": {
          "kind": "caller_declared",
          "blocked_on": "operation identity not carried by CheckedPackage V2"
        }
      },
      "result": {
        "disposition": "generated",
        "environment_symbol": "environment_ded0d4f3fd07be4748b614b6744395c6686310e7059138ab338bb6b798683f7c",
        "oracle_symbol": "oracle_ded0d4f3fd07be4748b614b6744395c6686310e7059138ab338bb6b798683f7c",
        "ir_id": {
          "domain": "quire.contract-ir.semantic/v1",
          "algorithm": "sha256",
          "digest": "e0fbc5ba683803b4b8ecb42d77cc6f3490b71591a223a190d8f7b19684a6a069"
        },
        "package_id": {
          "domain": "quire.package.semantic/v2",
          "algorithm": "sha256",
          "digest": "104981d438ae9034854bdf076927a7a5a0dca6759028faacf87a2c88da1203f6"
        },
        "semantic_type": {
          "domain": "quire.checked-semantic-node/v1",
          "digest": "0000000000000000000000000000000000000000000000000000000000000001"
        },
        "source_map": [
          {
            "node_id": {
              "domain": "quire.checked-semantic-node/v1",
              "digest": "0000000000000000000000000000000000000000000000000000000000000111"
            },
            "role": "declaration",
            "ordinal": 0,
            "regions": [
              {
                "source": {
                  "authority": "agent-ix",
                  "identity": "example",
                  "revision": {
                    "namespace": "git",
                    "value": "1"
                  },
                  "digest_domain": "quire.source.bytes/v1",
                  "digest": "2222222222222222222222222222222222222222222222222222222222222222"
                },
                "start": 40,
                "end": 41
              }
            ]
          }
        ],
        "claims": [],
        "descriptor": {
          "operator": "equal",
          "left_source_type": {
            "domain": "quire.checked-semantic-node/v1",
            "digest": "0000000000000000000000000000000000000000000000000000000000000007"
          },
          "left_conversion_target": {
            "domain": "quire.checked-semantic-node/v1",
            "digest": "0000000000000000000000000000000000000000000000000000000000000002"
          },
          "right_source_type": {
            "domain": "quire.checked-semantic-node/v1",
            "digest": "0000000000000000000000000000000000000000000000000000000000000002"
          },
          "right_conversion_target": null
        },
        "declaration_keys": [],
        "declaration_runtime_keys": [],
        "schedule": "plan"
      }
    },
    {
      "node_id": {
        "domain": "quire.checked-semantic-node/v1",
        "digest": "0000000000000000000000000000000000000000000000000000000000000112"
      },
      "operation": {
        "identity": "equality.equal",
        "provenance": {
          "kind": "caller_declared",
          "blocked_on": "operation identity not carried by CheckedPackage V2"
        }
      },
      "result": {
        "disposition": "generated",
        "environment_symbol": "environment_de0bc9911bbaf25c8346ed1416cc325826cf3440884090ff975156bd744704a5",
        "oracle_symbol": "oracle_de0bc9911bbaf25c8346ed1416cc325826cf3440884090ff975156bd744704a5",
        "ir_id": {
          "domain": "quire.contract-ir.semantic/v1",
          "algorithm": "sha256",
          "digest": "bb54246393eb36255e9c9eb0c2f180a3003cb592855f98a601be826b0e39b0c5"
        },
        "package_id": {
          "domain": "quire.package.semantic/v2",
          "algorithm": "sha256",
          "digest": "104981d438ae9034854bdf076927a7a5a0dca6759028faacf87a2c88da1203f6"
        },
        "semantic_type": {
          "domain": "quire.checked-semantic-node/v1",
          "digest": "0000000000000000000000000000000000000000000000000000000000000001"
        },
        "source_map": [
          {
            "node_id": {
              "domain": "quire.checked-semantic-node/v1",
              "digest": "0000000000000000000000000000000000000000000000000000000000000112"
            },
            "role": "declaration",
            "ordinal": 0,
            "regions": [
              {
                "source": {
                  "authority": "agent-ix",
                  "identity": "example",
                  "revision": {
                    "namespace": "git",
                    "value": "1"
                  },
                  "digest_domain": "quire.source.bytes/v1",
                  "digest": "2222222222222222222222222222222222222222222222222222222222222222"
                },
                "start": 41,
                "end": 42
              }
            ]
          }
        ],
        "claims": [],
        "descriptor": {
          "operator": "equal",
          "left_source_type": {
            "domain": "quire.checked-semantic-node/v1",
            "digest": "0000000000000000000000000000000000000000000000000000000000000032"
          },
          "left_conversion_target": null,
          "right_source_type": {
            "domain": "quire.checked-semantic-node/v1",
            "digest": "0000000000000000000000000000000000000000000000000000000000000032"
          },
          "right_conversion_target": null
        },
        "declaration_keys": [],
        "declaration_runtime_keys": [],
        "schedule": "plan"
      }
    },
    {
      "node_id": {
        "domain": "quire.checked-semantic-node/v1",
        "digest": "0000000000000000000000000000000000000000000000000000000000000113"
      },
      "operation": {
        "identity": "equality.equal",
        "provenance": {
          "kind": "caller_declared",
          "blocked_on": "operation identity not carried by CheckedPackage V2"
        }
      },
      "result": {
        "disposition": "generated",
        "environment_symbol": "environment_960fbf99330aa3db769521829ca3626509908d5088735094a70b5d09f94ab04a",
        "oracle_symbol": "oracle_960fbf99330aa3db769521829ca3626509908d5088735094a70b5d09f94ab04a",
        "ir_id": {
          "domain": "quire.contract-ir.semantic/v1",
          "algorithm": "sha256",
          "digest": "e3e665fadcd5cad2bd90b7579248ad03196cbf3a3af0d301df962ab999d7f537"
        },
        "package_id": {
          "domain": "quire.package.semantic/v2",
          "algorithm": "sha256",
          "digest": "104981d438ae9034854bdf076927a7a5a0dca6759028faacf87a2c88da1203f6"
        },
        "semantic_type": {
          "domain": "quire.checked-semantic-node/v1",
          "digest": "0000000000000000000000000000000000000000000000000000000000000001"
        },
        "source_map": [
          {
            "node_id": {
              "domain": "quire.checked-semantic-node/v1",
              "digest": "0000000000000000000000000000000000000000000000000000000000000113"
            },
            "role": "declaration",
            "ordinal": 0,
            "regions": [
              {
                "source": {
                  "authority": "agent-ix",
                  "identity": "example",
                  "revision": {
                    "namespace": "git",
                    "value": "1"
                  },
                  "digest_domain": "quire.source.bytes/v1",
                  "digest": "2222222222222222222222222222222222222222222222222222222222222222"
                },
                "start": 42,
                "end": 43
              }
            ]
          }
        ],
        "claims": [],
        "descriptor": {
          "operator": "equal",
          "left_source_type": {
            "domain": "quire.checked-semantic-node/v1",
            "digest": "0000000000000000000000000000000000000000000000000000000000000031"
          },
          "left_conversion_target": null,
          "right_source_type": {
            "domain": "quire.checked-semantic-node/v1",
            "digest": "0000000000000000000000000000000000000000000000000000000000000031"
          },
          "right_conversion_target": null
        },
        "declaration_keys": [
          {
            "domain": "quire.checked-semantic-node/v1",
            "digest": "0000000000000000000000000000000000000000000000000000000000000020"
          },
          {
            "domain": "quire.checked-semantic-node/v1",
            "digest": "0000000000000000000000000000000000000000000000000000000000000031"
          }
        ],
        "declaration_runtime_keys": [
          "0000000000000000000000000000000000000000000000000000000000000020",
          "0000000000000000000000000000000000000000000000000000000000000031"
        ],
        "schedule": "plan"
      }
    },
    {
      "node_id": {
        "domain": "quire.checked-semantic-node/v1",
        "digest": "0000000000000000000000000000000000000000000000000000000000000114"
      },
      "operation": {
        "identity": "equality.equal",
        "provenance": {
          "kind": "caller_declared",
          "blocked_on": "operation identity not carried by CheckedPackage V2"
        }
      },
      "result": {
        "disposition": "generated",
        "environment_symbol": "environment_920fcd5f4eda255e45adf61cd83538ed2022f0c7534a244ede8545564195ae66",
        "oracle_symbol": "oracle_920fcd5f4eda255e45adf61cd83538ed2022f0c7534a244ede8545564195ae66",
        "ir_id": {
          "domain": "quire.contract-ir.semantic/v1",
          "algorithm": "sha256",
          "digest": "10227daf859c571c90a753bdfff1bd396859df57854facab3eaddc2eb462fd01"
        },
        "package_id": {
          "domain": "quire.package.semantic/v2",
          "algorithm": "sha256",
          "digest": "104981d438ae9034854bdf076927a7a5a0dca6759028faacf87a2c88da1203f6"
        },
        "semantic_type": {
          "domain": "quire.checked-semantic-node/v1",
          "digest": "0000000000000000000000000000000000000000000000000000000000000001"
        },
        "source_map": [
          {
            "node_id": {
              "domain": "quire.checked-semantic-node/v1",
              "digest": "0000000000000000000000000000000000000000000000000000000000000114"
            },
            "role": "declaration",
            "ordinal": 0,
            "regions": [
              {
                "source": {
                  "authority": "agent-ix",
                  "identity": "example",
                  "revision": {
                    "namespace": "git",
                    "value": "1"
                  },
                  "digest_domain": "quire.source.bytes/v1",
                  "digest": "2222222222222222222222222222222222222222222222222222222222222222"
                },
                "start": 43,
                "end": 44
              }
            ]
          }
        ],
        "claims": [],
        "descriptor": {
          "operator": "equal",
          "left_source_type": {
            "domain": "quire.checked-semantic-node/v1",
            "digest": "0000000000000000000000000000000000000000000000000000000000000007"
          },
          "left_conversion_target": {
            "domain": "quire.checked-semantic-node/v1",
            "digest": "0000000000000000000000000000000000000000000000000000000000000009"
          },
          "right_source_type": {
            "domain": "quire.checked-semantic-node/v1",
            "digest": "0000000000000000000000000000000000000000000000000000000000000009"
          },
          "right_conversion_target": null
        },
        "declaration_keys": [],
        "declaration_runtime_keys": [],
        "schedule": "plan"
      }
    }
  ]
}
