{
  "version": "quire.codegen.composite-equality-claim-map/v1",
  "package_id": {
    "domain": "quire.package.semantic/v2",
    "algorithm": "sha256",
    "digest": "d51704639f9d3151c5e2407ac02be8517b5171641c5d41c8e72aa9f8bf2c13ac"
  },
  "runtime_revision": "9f31169276edb85799d6b7d878020caf49617090",
  "blocked": [
    "operation identity not consumed by codegen's generators"
  ],
  "items": [
    {
      "node_id": {
        "domain": "quire.checked-semantic-node/v1",
        "digest": "2e4d7e1bcb50f91062cb44ad029937fc2b9fc8259fffbcf4ab2798d94b1dbe22"
      },
      "operation": {
        "identity": "equality.equal",
        "provenance": {
          "kind": "caller_declared",
          "blocked_on": "operation identity not consumed by codegen's generators"
        }
      },
      "result": {
        "disposition": "generated",
        "environment_symbol": "environment_21af7ba1e91d21e90d1981308c350091506c953e7bc3a4dfa6a240083ad1a65b",
        "oracle_symbol": "oracle_21af7ba1e91d21e90d1981308c350091506c953e7bc3a4dfa6a240083ad1a65b",
        "ir_id": {
          "domain": "quire.contract-ir.semantic/v1",
          "algorithm": "sha256",
          "digest": "8a43ad9b03e9cfca0f8ff7c0f082a5fb4e493c46317073943681a9c84da5dfd4"
        },
        "package_id": {
          "domain": "quire.package.semantic/v2",
          "algorithm": "sha256",
          "digest": "d51704639f9d3151c5e2407ac02be8517b5171641c5d41c8e72aa9f8bf2c13ac"
        },
        "semantic_type": {
          "domain": "quire.checked-semantic-node/v1",
          "digest": "0000000000000000000000000000000000000000000000000000000000000001"
        },
        "source_map": [
          {
            "node_id": {
              "domain": "quire.checked-semantic-node/v1",
              "digest": "2e4d7e1bcb50f91062cb44ad029937fc2b9fc8259fffbcf4ab2798d94b1dbe22"
            },
            "role": "declaration",
            "ordinal": 0,
            "regions": [
              {
                "source": {
                  "authority": "agent-ix",
                  "identity": "example",
                  "revision": {
                    "namespace": "git",
                    "value": "1"
                  },
                  "digest_domain": "quire.source.bytes/v1",
                  "digest": "2222222222222222222222222222222222222222222222222222222222222222"
                },
                "start": 37,
                "end": 38
              }
            ]
          }
        ],
        "claims": [],
        "descriptor": {
          "operator": "equal",
          "left_source_type": {
            "domain": "quire.checked-semantic-node/v1",
            "digest": "0000000000000000000000000000000000000000000000000000000000000020"
          },
          "left_conversion_target": null,
          "right_source_type": {
            "domain": "quire.checked-semantic-node/v1",
            "digest": "0000000000000000000000000000000000000000000000000000000000000020"
          },
          "right_conversion_target": null
        },
        "declaration_keys": [
          {
            "domain": "quire.checked-semantic-node/v1",
            "digest": "0000000000000000000000000000000000000000000000000000000000000020"
          }
        ],
        "declaration_runtime_keys": [
          "0000000000000000000000000000000000000000000000000000000000000020"
        ],
        "schedule": "plan"
      }
    },
    {
      "node_id": {
        "domain": "quire.checked-semantic-node/v1",
        "digest": "2e4d7e1bcb50f91062cb44ad029937fc2b9fc8259fffbcf4ab2798d94b1dbe22"
      },
      "operation": {
        "identity": "equality.not_equal",
        "provenance": {
          "kind": "caller_declared",
          "blocked_on": "operation identity not consumed by codegen's generators"
        }
      },
      "result": {
        "disposition": "generated",
        "environment_symbol": "environment_460db43031e0e8349e7b81afaab7700861e42478fa36bed7705e229477212aca",
        "oracle_symbol": "oracle_460db43031e0e8349e7b81afaab7700861e42478fa36bed7705e229477212aca",
        "ir_id": {
          "domain": "quire.contract-ir.semantic/v1",
          "algorithm": "sha256",
          "digest": "8a43ad9b03e9cfca0f8ff7c0f082a5fb4e493c46317073943681a9c84da5dfd4"
        },
        "package_id": {
          "domain": "quire.package.semantic/v2",
          "algorithm": "sha256",
          "digest": "d51704639f9d3151c5e2407ac02be8517b5171641c5d41c8e72aa9f8bf2c13ac"
        },
        "semantic_type": {
          "domain": "quire.checked-semantic-node/v1",
          "digest": "0000000000000000000000000000000000000000000000000000000000000001"
        },
        "source_map": [
          {
            "node_id": {
              "domain": "quire.checked-semantic-node/v1",
              "digest": "2e4d7e1bcb50f91062cb44ad029937fc2b9fc8259fffbcf4ab2798d94b1dbe22"
            },
            "role": "declaration",
            "ordinal": 0,
            "regions": [
              {
                "source": {
                  "authority": "agent-ix",
                  "identity": "example",
                  "revision": {
                    "namespace": "git",
                    "value": "1"
                  },
                  "digest_domain": "quire.source.bytes/v1",
                  "digest": "2222222222222222222222222222222222222222222222222222222222222222"
                },
                "start": 37,
                "end": 38
              }
            ]
          }
        ],
        "claims": [],
        "descriptor": {
          "operator": "not_equal",
          "left_source_type": {
            "domain": "quire.checked-semantic-node/v1",
            "digest": "0000000000000000000000000000000000000000000000000000000000000020"
          },
          "left_conversion_target": null,
          "right_source_type": {
            "domain": "quire.checked-semantic-node/v1",
            "digest": "0000000000000000000000000000000000000000000000000000000000000020"
          },
          "right_conversion_target": null
        },
        "declaration_keys": [
          {
            "domain": "quire.checked-semantic-node/v1",
            "digest": "0000000000000000000000000000000000000000000000000000000000000020"
          }
        ],
        "declaration_runtime_keys": [
          "0000000000000000000000000000000000000000000000000000000000000020"
        ],
        "schedule": "plan"
      }
    },
    {
      "node_id": {
        "domain": "quire.checked-semantic-node/v1",
        "digest": "302c48cc9b16946682419d9b7cb6d42e6ef3448d20fb646aa5d53707b7b4aff4"
      },
      "operation": {
        "identity": "equality.equal",
        "provenance": {
          "kind": "caller_declared",
          "blocked_on": "operation identity not consumed by codegen's generators"
        }
      },
      "result": {
        "disposition": "generated",
        "environment_symbol": "environment_a60a24bc6662909a92fcfe0df5b382d0002c9a1f1cfc41b556ae986a27632ec4",
        "oracle_symbol": "oracle_a60a24bc6662909a92fcfe0df5b382d0002c9a1f1cfc41b556ae986a27632ec4",
        "ir_id": {
          "domain": "quire.contract-ir.semantic/v1",
          "algorithm": "sha256",
          "digest": "22303cee6ccc2d31be9e9fda6e95dc120013132c66e1f0beeedcb5edef17865c"
        },
        "package_id": {
          "domain": "quire.package.semantic/v2",
          "algorithm": "sha256",
          "digest": "d51704639f9d3151c5e2407ac02be8517b5171641c5d41c8e72aa9f8bf2c13ac"
        },
        "semantic_type": {
          "domain": "quire.checked-semantic-node/v1",
          "digest": "0000000000000000000000000000000000000000000000000000000000000001"
        },
        "source_map": [
          {
            "node_id": {
              "domain": "quire.checked-semantic-node/v1",
              "digest": "302c48cc9b16946682419d9b7cb6d42e6ef3448d20fb646aa5d53707b7b4aff4"
            },
            "role": "declaration",
            "ordinal": 0,
            "regions": [
              {
                "source": {
                  "authority": "agent-ix",
                  "identity": "example",
                  "revision": {
                    "namespace": "git",
                    "value": "1"
                  },
                  "digest_domain": "quire.source.bytes/v1",
                  "digest": "2222222222222222222222222222222222222222222222222222222222222222"
                },
                "start": 57,
                "end": 58
              }
            ]
          }
        ],
        "claims": [],
        "descriptor": {
          "operator": "equal",
          "left_source_type": {
            "domain": "quire.checked-semantic-node/v1",
            "digest": "0000000000000000000000000000000000000000000000000000000000000009"
          },
          "left_conversion_target": {
            "domain": "quire.checked-semantic-node/v1",
            "digest": "0000000000000000000000000000000000000000000000000000000000000002"
          },
          "right_source_type": {
            "domain": "quire.checked-semantic-node/v1",
            "digest": "0000000000000000000000000000000000000000000000000000000000000002"
          },
          "right_conversion_target": null
        },
        "declaration_keys": [],
        "declaration_runtime_keys": [],
        "schedule": "plan"
      }
    },
    {
      "node_id": {
        "domain": "quire.checked-semantic-node/v1",
        "digest": "32d6a83ddbee95899ceec7d6f6a1a50b281cf345892e6ca77db18545c70af00a"
      },
      "operation": {
        "identity": "equality.equal",
        "provenance": {
          "kind": "caller_declared",
          "blocked_on": "operation identity not consumed by codegen's generators"
        }
      },
      "result": {
        "disposition": "generated",
        "environment_symbol": "environment_76d9cb71c7ab24969e6bb32d337ce648be691bb8172a036fa8344def2c9b7384",
        "oracle_symbol": "oracle_76d9cb71c7ab24969e6bb32d337ce648be691bb8172a036fa8344def2c9b7384",
        "ir_id": {
          "domain": "quire.contract-ir.semantic/v1",
          "algorithm": "sha256",
          "digest": "5b95a2c8024e7870249905d38e23a252707f42e70b27a9eb9404f01a73792a28"
        },
        "package_id": {
          "domain": "quire.package.semantic/v2",
          "algorithm": "sha256",
          "digest": "d51704639f9d3151c5e2407ac02be8517b5171641c5d41c8e72aa9f8bf2c13ac"
        },
        "semantic_type": {
          "domain": "quire.checked-semantic-node/v1",
          "digest": "0000000000000000000000000000000000000000000000000000000000000001"
        },
        "source_map": [
          {
            "node_id": {
              "domain": "quire.checked-semantic-node/v1",
              "digest": "32d6a83ddbee95899ceec7d6f6a1a50b281cf345892e6ca77db18545c70af00a"
            },
            "role": "declaration",
            "ordinal": 0,
            "regions": [
              {
                "source": {
                  "authority": "agent-ix",
                  "identity": "example",
                  "revision": {
                    "namespace": "git",
                    "value": "1"
                  },
                  "digest_domain": "quire.source.bytes/v1",
                  "digest": "2222222222222222222222222222222222222222222222222222222222222222"
                },
                "start": 41,
                "end": 42
              }
            ]
          }
        ],
        "claims": [],
        "descriptor": {
          "operator": "equal",
          "left_source_type": {
            "domain": "quire.checked-semantic-node/v1",
            "digest": "0000000000000000000000000000000000000000000000000000000000000003"
          },
          "left_conversion_target": null,
          "right_source_type": {
            "domain": "quire.checked-semantic-node/v1",
            "digest": "0000000000000000000000000000000000000000000000000000000000000003"
          },
          "right_conversion_target": null
        },
        "declaration_keys": [],
        "declaration_runtime_keys": [],
        "schedule": "text"
      }
    },
    {
      "node_id": {
        "domain": "quire.checked-semantic-node/v1",
        "digest": "35b908693c72f4943df973cdd1b3be324598e1071728e95a7552f18db3f7f9ee"
      },
      "operation": {
        "identity": "equality.equal",
        "provenance": {
          "kind": "caller_declared",
          "blocked_on": "operation identity not consumed by codegen's generators"
        }
      },
      "result": {
        "disposition": "generated",
        "environment_symbol": "environment_0b3ddf56cea05ad8cd36a18946c412690addf723b7cc414727d10325e5166a94",
        "oracle_symbol": "oracle_0b3ddf56cea05ad8cd36a18946c412690addf723b7cc414727d10325e5166a94",
        "ir_id": {
          "domain": "quire.contract-ir.semantic/v1",
          "algorithm": "sha256",
          "digest": "db06d3d5573d1ced03c99c57783e023e226a03ad6a4bf16bbc0754ad13722d6a"
        },
        "package_id": {
          "domain": "quire.package.semantic/v2",
          "algorithm": "sha256",
          "digest": "d51704639f9d3151c5e2407ac02be8517b5171641c5d41c8e72aa9f8bf2c13ac"
        },
        "semantic_type": {
          "domain": "quire.checked-semantic-node/v1",
          "digest": "0000000000000000000000000000000000000000000000000000000000000001"
        },
        "source_map": [
          {
            "node_id": {
              "domain": "quire.checked-semantic-node/v1",
              "digest": "35b908693c72f4943df973cdd1b3be324598e1071728e95a7552f18db3f7f9ee"
            },
            "role": "declaration",
            "ordinal": 0,
            "regions": [
              {
                "source": {
                  "authority": "agent-ix",
                  "identity": "example",
                  "revision": {
                    "namespace": "git",
                    "value": "1"
                  },
                  "digest_domain": "quire.source.bytes/v1",
                  "digest": "2222222222222222222222222222222222222222222222222222222222222222"
                },
                "start": 51,
                "end": 52
              }
            ]
          }
        ],
        "claims": [],
        "descriptor": {
          "operator": "equal",
          "left_source_type": {
            "domain": "quire.checked-semantic-node/v1",
            "digest": "0000000000000000000000000000000000000000000000000000000000000007"
          },
          "left_conversion_target": {
            "domain": "quire.checked-semantic-node/v1",
            "digest": "0000000000000000000000000000000000000000000000000000000000000009"
          },
          "right_source_type": {
            "domain": "quire.checked-semantic-node/v1",
            "digest": "0000000000000000000000000000000000000000000000000000000000000009"
          },
          "right_conversion_target": null
        },
        "declaration_keys": [],
        "declaration_runtime_keys": [],
        "schedule": "plan"
      }
    },
    {
      "node_id": {
        "domain": "quire.checked-semantic-node/v1",
        "digest": "53dc053b4ce8826c41b0cb959c495cee297c584777d64fd918a02617f94cc548"
      },
      "operation": {
        "identity": "equality.equal",
        "provenance": {
          "kind": "caller_declared",
          "blocked_on": "operation identity not consumed by codegen's generators"
        }
      },
      "result": {
        "disposition": "generated",
        "environment_symbol": "environment_3152c7e10a22a6fda8cb49d358d1baadc2e7fd1c6542192baaee7c8aa8add24a",
        "oracle_symbol": "oracle_3152c7e10a22a6fda8cb49d358d1baadc2e7fd1c6542192baaee7c8aa8add24a",
        "ir_id": {
          "domain": "quire.contract-ir.semantic/v1",
          "algorithm": "sha256",
          "digest": "a174268c44b4155e1425c5a58cc82dfeeaa7b944e037d823cfda44248a93ca8f"
        },
        "package_id": {
          "domain": "quire.package.semantic/v2",
          "algorithm": "sha256",
          "digest": "d51704639f9d3151c5e2407ac02be8517b5171641c5d41c8e72aa9f8bf2c13ac"
        },
        "semantic_type": {
          "domain": "quire.checked-semantic-node/v1",
          "digest": "0000000000000000000000000000000000000000000000000000000000000001"
        },
        "source_map": [
          {
            "node_id": {
              "domain": "quire.checked-semantic-node/v1",
              "digest": "53dc053b4ce8826c41b0cb959c495cee297c584777d64fd918a02617f94cc548"
            },
            "role": "declaration",
            "ordinal": 0,
            "regions": [
              {
                "source": {
                  "authority": "agent-ix",
                  "identity": "example",
                  "revision": {
                    "namespace": "git",
                    "value": "1"
                  },
                  "digest_domain": "quire.source.bytes/v1",
                  "digest": "2222222222222222222222222222222222222222222222222222222222222222"
                },
                "start": 47,
                "end": 48
              }
            ]
          }
        ],
        "claims": [],
        "descriptor": {
          "operator": "equal",
          "left_source_type": {
            "domain": "quire.checked-semantic-node/v1",
            "digest": "0000000000000000000000000000000000000000000000000000000000000029"
          },
          "left_conversion_target": null,
          "right_source_type": {
            "domain": "quire.checked-semantic-node/v1",
            "digest": "0000000000000000000000000000000000000000000000000000000000000029"
          },
          "right_conversion_target": null
        },
        "declaration_keys": [
          {
            "domain": "quire.checked-semantic-node/v1",
            "digest": "0000000000000000000000000000000000000000000000000000000000000029"
          }
        ],
        "declaration_runtime_keys": [
          "0000000000000000000000000000000000000000000000000000000000000029"
        ],
        "schedule": "plan"
      }
    },
    {
      "node_id": {
        "domain": "quire.checked-semantic-node/v1",
        "digest": "57e405d1da2574e03973f38a6d94e4a02e32299b0f52b93fe89d9223b5f3ea28"
      },
      "operation": {
        "identity": "equality.equal",
        "provenance": {
          "kind": "caller_declared",
          "blocked_on": "operation identity not consumed by codegen's generators"
        }
      },
      "result": {
        "disposition": "generated",
        "environment_symbol": "environment_d5c77d9a6fbf3c0c86bf60c5d285814883b8fa70fa2357e8d411699fae179b7c",
        "oracle_symbol": "oracle_d5c77d9a6fbf3c0c86bf60c5d285814883b8fa70fa2357e8d411699fae179b7c",
        "ir_id": {
          "domain": "quire.contract-ir.semantic/v1",
          "algorithm": "sha256",
          "digest": "6d48198a21fc52cfd156aa318713653fee197c4971f35abb34880ba531caf011"
        },
        "package_id": {
          "domain": "quire.package.semantic/v2",
          "algorithm": "sha256",
          "digest": "d51704639f9d3151c5e2407ac02be8517b5171641c5d41c8e72aa9f8bf2c13ac"
        },
        "semantic_type": {
          "domain": "quire.checked-semantic-node/v1",
          "digest": "0000000000000000000000000000000000000000000000000000000000000001"
        },
        "source_map": [
          {
            "node_id": {
              "domain": "quire.checked-semantic-node/v1",
              "digest": "57e405d1da2574e03973f38a6d94e4a02e32299b0f52b93fe89d9223b5f3ea28"
            },
            "role": "declaration",
            "ordinal": 0,
            "regions": [
              {
                "source": {
                  "authority": "agent-ix",
                  "identity": "example",
                  "revision": {
                    "namespace": "git",
                    "value": "1"
                  },
                  "digest_domain": "quire.source.bytes/v1",
                  "digest": "2222222222222222222222222222222222222222222222222222222222222222"
                },
                "start": 50,
                "end": 51
              }
            ]
          }
        ],
        "claims": [],
        "descriptor": {
          "operator": "equal",
          "left_source_type": {
            "domain": "quire.checked-semantic-node/v1",
            "digest": "0000000000000000000000000000000000000000000000000000000000000031"
          },
          "left_conversion_target": null,
          "right_source_type": {
            "domain": "quire.checked-semantic-node/v1",
            "digest": "0000000000000000000000000000000000000000000000000000000000000031"
          },
          "right_conversion_target": null
        },
        "declaration_keys": [
          {
            "domain": "quire.checked-semantic-node/v1",
            "digest": "0000000000000000000000000000000000000000000000000000000000000020"
          },
          {
            "domain": "quire.checked-semantic-node/v1",
            "digest": "0000000000000000000000000000000000000000000000000000000000000031"
          }
        ],
        "declaration_runtime_keys": [
          "0000000000000000000000000000000000000000000000000000000000000020",
          "0000000000000000000000000000000000000000000000000000000000000031"
        ],
        "schedule": "plan"
      }
    },
    {
      "node_id": {
        "domain": "quire.checked-semantic-node/v1",
        "digest": "58db07043040fa42b2df62e3bab8d58afc1fbdc5379830ddca1f25ca6eb6450c"
      },
      "operation": {
        "identity": "equality.equal",
        "provenance": {
          "kind": "caller_declared",
          "blocked_on": "operation identity not consumed by codegen's generators"
        }
      },
      "result": {
        "disposition": "generated",
        "environment_symbol": "environment_7b17b989a86f0178fda1b973617c3ed5e20afe5a8f6bf99058777d1aa1970ebd",
        "oracle_symbol": "oracle_7b17b989a86f0178fda1b973617c3ed5e20afe5a8f6bf99058777d1aa1970ebd",
        "ir_id": {
          "domain": "quire.contract-ir.semantic/v1",
          "algorithm": "sha256",
          "digest": "f40a4dc37507dcff316c5f85c9a3bdbfe7ff406bbd0f4cc4d8b4bdf533b25bf9"
        },
        "package_id": {
          "domain": "quire.package.semantic/v2",
          "algorithm": "sha256",
          "digest": "d51704639f9d3151c5e2407ac02be8517b5171641c5d41c8e72aa9f8bf2c13ac"
        },
        "semantic_type": {
          "domain": "quire.checked-semantic-node/v1",
          "digest": "0000000000000000000000000000000000000000000000000000000000000001"
        },
        "source_map": [
          {
            "node_id": {
              "domain": "quire.checked-semantic-node/v1",
              "digest": "58db07043040fa42b2df62e3bab8d58afc1fbdc5379830ddca1f25ca6eb6450c"
            },
            "role": "declaration",
            "ordinal": 0,
            "regions": [
              {
                "source": {
                  "authority": "agent-ix",
                  "identity": "example",
                  "revision": {
                    "namespace": "git",
                    "value": "1"
                  },
                  "digest_domain": "quire.source.bytes/v1",
                  "digest": "2222222222222222222222222222222222222222222222222222222222222222"
                },
                "start": 55,
                "end": 56
              }
            ]
          }
        ],
        "claims": [],
        "descriptor": {
          "operator": "equal",
          "left_source_type": {
            "domain": "quire.checked-semantic-node/v1",
            "digest": "0000000000000000000000000000000000000000000000000000000000000009"
          },
          "left_conversion_target": {
            "domain": "quire.checked-semantic-node/v1",
            "digest": "0000000000000000000000000000000000000000000000000000000000000014"
          },
          "right_source_type": {
            "domain": "quire.checked-semantic-node/v1",
            "digest": "0000000000000000000000000000000000000000000000000000000000000014"
          },
          "right_conversion_target": null
        },
        "declaration_keys": [],
        "declaration_runtime_keys": [],
        "schedule": "plan"
      }
    },
    {
      "node_id": {
        "domain": "quire.checked-semantic-node/v1",
        "digest": "6824693d60371c0fd4768aa21f3c6f104d74267d47157350e55591bf780b02db"
      },
      "operation": {
        "identity": "equality.equal",
        "provenance": {
          "kind": "caller_declared",
          "blocked_on": "operation identity not consumed by codegen's generators"
        }
      },
      "result": {
        "disposition": "generated",
        "environment_symbol": "environment_b5507219bf292f5f3030b453e44db1cec20b0d45d02979b8e5d678d65872dc34",
        "oracle_symbol": "oracle_b5507219bf292f5f3030b453e44db1cec20b0d45d02979b8e5d678d65872dc34",
        "ir_id": {
          "domain": "quire.contract-ir.semantic/v1",
          "algorithm": "sha256",
          "digest": "2523f7ba013cc8590fa71102bc79fe5a3a809077bedb9ba0de70b36b113fe702"
        },
        "package_id": {
          "domain": "quire.package.semantic/v2",
          "algorithm": "sha256",
          "digest": "d51704639f9d3151c5e2407ac02be8517b5171641c5d41c8e72aa9f8bf2c13ac"
        },
        "semantic_type": {
          "domain": "quire.checked-semantic-node/v1",
          "digest": "0000000000000000000000000000000000000000000000000000000000000001"
        },
        "source_map": [
          {
            "node_id": {
              "domain": "quire.checked-semantic-node/v1",
              "digest": "6824693d60371c0fd4768aa21f3c6f104d74267d47157350e55591bf780b02db"
            },
            "role": "declaration",
            "ordinal": 0,
            "regions": [
              {
                "source": {
                  "authority": "agent-ix",
                  "identity": "example",
                  "revision": {
                    "namespace": "git",
                    "value": "1"
                  },
                  "digest_domain": "quire.source.bytes/v1",
                  "digest": "2222222222222222222222222222222222222222222222222222222222222222"
                },
                "start": 49,
                "end": 50
              }
            ]
          }
        ],
        "claims": [],
        "descriptor": {
          "operator": "equal",
          "left_source_type": {
            "domain": "quire.checked-semantic-node/v1",
            "digest": "0000000000000000000000000000000000000000000000000000000000000032"
          },
          "left_conversion_target": null,
          "right_source_type": {
            "domain": "quire.checked-semantic-node/v1",
            "digest": "0000000000000000000000000000000000000000000000000000000000000032"
          },
          "right_conversion_target": null
        },
        "declaration_keys": [],
        "declaration_runtime_keys": [],
        "schedule": "plan"
      }
    },
    {
      "node_id": {
        "domain": "quire.checked-semantic-node/v1",
        "digest": "7422d27bd26cec8e311d68494ff94cb68ae9a63c39b8b3503159c3b4d378f16e"
      },
      "operation": {
        "identity": "equality.equal",
        "provenance": {
          "kind": "caller_declared",
          "blocked_on": "operation identity not consumed by codegen's generators"
        }
      },
      "result": {
        "disposition": "generated",
        "environment_symbol": "environment_576f61c653038d5b860825b431f9128ca106118a261f1df432cbbc2a806a634a",
        "oracle_symbol": "oracle_576f61c653038d5b860825b431f9128ca106118a261f1df432cbbc2a806a634a",
        "ir_id": {
          "domain": "quire.contract-ir.semantic/v1",
          "algorithm": "sha256",
          "digest": "4b7405b4180c5a34177cbe9fa4935fa082a423adc356bc16f22bf87e638dd2be"
        },
        "package_id": {
          "domain": "quire.package.semantic/v2",
          "algorithm": "sha256",
          "digest": "d51704639f9d3151c5e2407ac02be8517b5171641c5d41c8e72aa9f8bf2c13ac"
        },
        "semantic_type": {
          "domain": "quire.checked-semantic-node/v1",
          "digest": "0000000000000000000000000000000000000000000000000000000000000001"
        },
        "source_map": [
          {
            "node_id": {
              "domain": "quire.checked-semantic-node/v1",
              "digest": "7422d27bd26cec8e311d68494ff94cb68ae9a63c39b8b3503159c3b4d378f16e"
            },
            "role": "declaration",
            "ordinal": 0,
            "regions": [
              {
                "source": {
                  "authority": "agent-ix",
                  "identity": "example",
                  "revision": {
                    "namespace": "git",
                    "value": "1"
                  },
                  "digest_domain": "quire.source.bytes/v1",
                  "digest": "2222222222222222222222222222222222222222222222222222222222222222"
                },
                "start": 39,
                "end": 40
              }
            ]
          }
        ],
        "claims": [],
        "descriptor": {
          "operator": "equal",
          "left_source_type": {
            "domain": "quire.checked-semantic-node/v1",
            "digest": "0000000000000000000000000000000000000000000000000000000000000024"
          },
          "left_conversion_target": null,
          "right_source_type": {
            "domain": "quire.checked-semantic-node/v1",
            "digest": "0000000000000000000000000000000000000000000000000000000000000024"
          },
          "right_conversion_target": null
        },
        "declaration_keys": [
          {
            "domain": "quire.checked-semantic-node/v1",
            "digest": "0000000000000000000000000000000000000000000000000000000000000024"
          }
        ],
        "declaration_runtime_keys": [
          "0000000000000000000000000000000000000000000000000000000000000024"
        ],
        "schedule": "plan"
      }
    },
    {
      "node_id": {
        "domain": "quire.checked-semantic-node/v1",
        "digest": "9e480ae45da7a4dd18cc050abd0be4f3d2722a6c6ca28e8c52ed065e4a447c54"
      },
      "operation": {
        "identity": "equality.equal",
        "provenance": {
          "kind": "caller_declared",
          "blocked_on": "operation identity not consumed by codegen's generators"
        }
      },
      "result": {
        "disposition": "generated",
        "environment_symbol": "environment_1605f3edda95d8c8720bd2effad6370ef6aac509862734b5720a75e4836d7328",
        "oracle_symbol": "oracle_1605f3edda95d8c8720bd2effad6370ef6aac509862734b5720a75e4836d7328",
        "ir_id": {
          "domain": "quire.contract-ir.semantic/v1",
          "algorithm": "sha256",
          "digest": "ff5f978bd383dcb3fffba73575dfd6c138fe6659cb3372f0b6249750d7348522"
        },
        "package_id": {
          "domain": "quire.package.semantic/v2",
          "algorithm": "sha256",
          "digest": "d51704639f9d3151c5e2407ac02be8517b5171641c5d41c8e72aa9f8bf2c13ac"
        },
        "semantic_type": {
          "domain": "quire.checked-semantic-node/v1",
          "digest": "0000000000000000000000000000000000000000000000000000000000000001"
        },
        "source_map": [
          {
            "node_id": {
              "domain": "quire.checked-semantic-node/v1",
              "digest": "9e480ae45da7a4dd18cc050abd0be4f3d2722a6c6ca28e8c52ed065e4a447c54"
            },
            "role": "declaration",
            "ordinal": 0,
            "regions": [
              {
                "source": {
                  "authority": "agent-ix",
                  "identity": "example",
                  "revision": {
                    "namespace": "git",
                    "value": "1"
                  },
                  "digest_domain": "quire.source.bytes/v1",
                  "digest": "2222222222222222222222222222222222222222222222222222222222222222"
                },
                "start": 42,
                "end": 43
              }
            ]
          }
        ],
        "claims": [],
        "descriptor": {
          "operator": "equal",
          "left_source_type": {
            "domain": "quire.checked-semantic-node/v1",
            "digest": "7928f1e1b570335b404c8d21c66da8a3b8e37e434b0ebc622f80285488811562"
          },
          "left_conversion_target": null,
          "right_source_type": {
            "domain": "quire.checked-semantic-node/v1",
            "digest": "7928f1e1b570335b404c8d21c66da8a3b8e37e434b0ebc622f80285488811562"
          },
          "right_conversion_target": null
        },
        "declaration_keys": [],
        "declaration_runtime_keys": [],
        "schedule": "enum"
      }
    },
    {
      "node_id": {
        "domain": "quire.checked-semantic-node/v1",
        "digest": "9e4e08142e8b284c81fecbd5a511eab1a2cb0e1188eae3828951f28305921cbb"
      },
      "operation": {
        "identity": "equality.equal",
        "provenance": {
          "kind": "caller_declared",
          "blocked_on": "operation identity not consumed by codegen's generators"
        }
      },
      "result": {
        "disposition": "generated",
        "environment_symbol": "environment_89fc354672aa321d79f99516e767b60755c99fb1d86665198d4facbbe42e8009",
        "oracle_symbol": "oracle_89fc354672aa321d79f99516e767b60755c99fb1d86665198d4facbbe42e8009",
        "ir_id": {
          "domain": "quire.contract-ir.semantic/v1",
          "algorithm": "sha256",
          "digest": "d2f487f24f088811a6a240c0e787ea9674c1961d9a3a68811a91ee109fd49674"
        },
        "package_id": {
          "domain": "quire.package.semantic/v2",
          "algorithm": "sha256",
          "digest": "d51704639f9d3151c5e2407ac02be8517b5171641c5d41c8e72aa9f8bf2c13ac"
        },
        "semantic_type": {
          "domain": "quire.checked-semantic-node/v1",
          "digest": "0000000000000000000000000000000000000000000000000000000000000001"
        },
        "source_map": [
          {
            "node_id": {
              "domain": "quire.checked-semantic-node/v1",
              "digest": "9e4e08142e8b284c81fecbd5a511eab1a2cb0e1188eae3828951f28305921cbb"
            },
            "role": "declaration",
            "ordinal": 0,
            "regions": [
              {
                "source": {
                  "authority": "agent-ix",
                  "identity": "example",
                  "revision": {
                    "namespace": "git",
                    "value": "1"
                  },
                  "digest_domain": "quire.source.bytes/v1",
                  "digest": "2222222222222222222222222222222222222222222222222222222222222222"
                },
                "start": 40,
                "end": 41
              }
            ]
          }
        ],
        "claims": [],
        "descriptor": {
          "operator": "equal",
          "left_source_type": {
            "domain": "quire.checked-semantic-node/v1",
            "digest": "0000000000000000000000000000000000000000000000000000000000000025"
          },
          "left_conversion_target": null,
          "right_source_type": {
            "domain": "quire.checked-semantic-node/v1",
            "digest": "0000000000000000000000000000000000000000000000000000000000000025"
          },
          "right_conversion_target": null
        },
        "declaration_keys": [],
        "declaration_runtime_keys": [],
        "schedule": "plan"
      }
    },
    {
      "node_id": {
        "domain": "quire.checked-semantic-node/v1",
        "digest": "a406b496c0fba429bd6183239e99a44fc486a017f5d55e988c7574578249fa26"
      },
      "operation": {
        "identity": "equality.equal",
        "provenance": {
          "kind": "caller_declared",
          "blocked_on": "operation identity not consumed by codegen's generators"
        }
      },
      "result": {
        "disposition": "generated",
        "environment_symbol": "environment_1693eb17de43a7d163afa716008703d09001b2a464938fa1755f11b0225b7a74",
        "oracle_symbol": "oracle_1693eb17de43a7d163afa716008703d09001b2a464938fa1755f11b0225b7a74",
        "ir_id": {
          "domain": "quire.contract-ir.semantic/v1",
          "algorithm": "sha256",
          "digest": "75c5ea3282da51afe1fcdce911a415f850a7f23aa86f33f6ccde7293be8287a2"
        },
        "package_id": {
          "domain": "quire.package.semantic/v2",
          "algorithm": "sha256",
          "digest": "d51704639f9d3151c5e2407ac02be8517b5171641c5d41c8e72aa9f8bf2c13ac"
        },
        "semantic_type": {
          "domain": "quire.checked-semantic-node/v1",
          "digest": "0000000000000000000000000000000000000000000000000000000000000001"
        },
        "source_map": [
          {
            "node_id": {
              "domain": "quire.checked-semantic-node/v1",
              "digest": "a406b496c0fba429bd6183239e99a44fc486a017f5d55e988c7574578249fa26"
            },
            "role": "declaration",
            "ordinal": 0,
            "regions": [
              {
                "source": {
                  "authority": "agent-ix",
                  "identity": "example",
                  "revision": {
                    "namespace": "git",
                    "value": "1"
                  },
                  "digest_domain": "quire.source.bytes/v1",
                  "digest": "2222222222222222222222222222222222222222222222222222222222222222"
                },
                "start": 48,
                "end": 49
              }
            ]
          }
        ],
        "claims": [],
        "descriptor": {
          "operator": "equal",
          "left_source_type": {
            "domain": "quire.checked-semantic-node/v1",
            "digest": "0000000000000000000000000000000000000000000000000000000000000007"
          },
          "left_conversion_target": {
            "domain": "quire.checked-semantic-node/v1",
            "digest": "0000000000000000000000000000000000000000000000000000000000000002"
          },
          "right_source_type": {
            "domain": "quire.checked-semantic-node/v1",
            "digest": "0000000000000000000000000000000000000000000000000000000000000002"
          },
          "right_conversion_target": null
        },
        "declaration_keys": [],
        "declaration_runtime_keys": [],
        "schedule": "plan"
      }
    },
    {
      "node_id": {
        "domain": "quire.checked-semantic-node/v1",
        "digest": "f0acda5875c83d324edc5f74d54e9846d960c347f0394bd9f9c5dd509f04b581"
      },
      "operation": {
        "identity": "equality.equal",
        "provenance": {
          "kind": "caller_declared",
          "blocked_on": "operation identity not consumed by codegen's generators"
        }
      },
      "result": {
        "disposition": "generated",
        "environment_symbol": "environment_7f1f4b680dd0e405ecf8900e17a85b0170e5083d634a561c2f3456c097666a8f",
        "oracle_symbol": "oracle_7f1f4b680dd0e405ecf8900e17a85b0170e5083d634a561c2f3456c097666a8f",
        "ir_id": {
          "domain": "quire.contract-ir.semantic/v1",
          "algorithm": "sha256",
          "digest": "dc856a1b1d19e15666fd14ab5f089ffc9a76387a478127314d0e528f1f66e624"
        },
        "package_id": {
          "domain": "quire.package.semantic/v2",
          "algorithm": "sha256",
          "digest": "d51704639f9d3151c5e2407ac02be8517b5171641c5d41c8e72aa9f8bf2c13ac"
        },
        "semantic_type": {
          "domain": "quire.checked-semantic-node/v1",
          "digest": "0000000000000000000000000000000000000000000000000000000000000001"
        },
        "source_map": [
          {
            "node_id": {
              "domain": "quire.checked-semantic-node/v1",
              "digest": "f0acda5875c83d324edc5f74d54e9846d960c347f0394bd9f9c5dd509f04b581"
            },
            "role": "declaration",
            "ordinal": 0,
            "regions": [
              {
                "source": {
                  "authority": "agent-ix",
                  "identity": "example",
                  "revision": {
                    "namespace": "git",
                    "value": "1"
                  },
                  "digest_domain": "quire.source.bytes/v1",
                  "digest": "2222222222222222222222222222222222222222222222222222222222222222"
                },
                "start": 53,
                "end": 54
              }
            ]
          }
        ],
        "claims": [],
        "descriptor": {
          "operator": "equal",
          "left_source_type": {
            "domain": "quire.checked-semantic-node/v1",
            "digest": "0000000000000000000000000000000000000000000000000000000000000012"
          },
          "left_conversion_target": {
            "domain": "quire.checked-semantic-node/v1",
            "digest": "0000000000000000000000000000000000000000000000000000000000000014"
          },
          "right_source_type": {
            "domain": "quire.checked-semantic-node/v1",
            "digest": "0000000000000000000000000000000000000000000000000000000000000014"
          },
          "right_conversion_target": null
        },
        "declaration_keys": [],
        "declaration_runtime_keys": [],
        "schedule": "plan"
      }
    },
    {
      "node_id": {
        "domain": "quire.checked-semantic-node/v1",
        "digest": "fac4960bc142ba69fa7ea114f9fed6bdce190dfde21e034b4fd06a3ce3d5baeb"
      },
      "operation": {
        "identity": "equality.equal",
        "provenance": {
          "kind": "caller_declared",
          "blocked_on": "operation identity not consumed by codegen's generators"
        }
      },
      "result": {
        "disposition": "generated",
        "environment_symbol": "environment_bd33625ec0cccc3d86ecb0ef526f4daff58640350e42523bd5452b3b1669845d",
        "oracle_symbol": "oracle_bd33625ec0cccc3d86ecb0ef526f4daff58640350e42523bd5452b3b1669845d",
        "ir_id": {
          "domain": "quire.contract-ir.semantic/v1",
          "algorithm": "sha256",
          "digest": "b7c2b397c25a003e4259b6e48969bec6f10d2b176c4502bec9f3d0e26879ca20"
        },
        "package_id": {
          "domain": "quire.package.semantic/v2",
          "algorithm": "sha256",
          "digest": "d51704639f9d3151c5e2407ac02be8517b5171641c5d41c8e72aa9f8bf2c13ac"
        },
        "semantic_type": {
          "domain": "quire.checked-semantic-node/v1",
          "digest": "0000000000000000000000000000000000000000000000000000000000000001"
        },
        "source_map": [
          {
            "node_id": {
              "domain": "quire.checked-semantic-node/v1",
              "digest": "fac4960bc142ba69fa7ea114f9fed6bdce190dfde21e034b4fd06a3ce3d5baeb"
            },
            "role": "declaration",
            "ordinal": 0,
            "regions": [
              {
                "source": {
                  "authority": "agent-ix",
                  "identity": "example",
                  "revision": {
                    "namespace": "git",
                    "value": "1"
                  },
                  "digest_domain": "quire.source.bytes/v1",
                  "digest": "2222222222222222222222222222222222222222222222222222222222222222"
                },
                "start": 54,
                "end": 55
              }
            ]
          }
        ],
        "claims": [],
        "descriptor": {
          "operator": "equal",
          "left_source_type": {
            "domain": "quire.checked-semantic-node/v1",
            "digest": "0000000000000000000000000000000000000000000000000000000000000016"
          },
          "left_conversion_target": {
            "domain": "quire.checked-semantic-node/v1",
            "digest": "0000000000000000000000000000000000000000000000000000000000000002"
          },
          "right_source_type": {
            "domain": "quire.checked-semantic-node/v1",
            "digest": "0000000000000000000000000000000000000000000000000000000000000002"
          },
          "right_conversion_target": null
        },
        "declaration_keys": [],
        "declaration_runtime_keys": [],
        "schedule": "plan"
      }
    },
    {
      "node_id": {
        "domain": "quire.checked-semantic-node/v1",
        "digest": "fce1a138623aa590d569fac975385385e487d4e3747a87fa2cb63d0ee90ce8e1"
      },
      "operation": {
        "identity": "equality.equal",
        "provenance": {
          "kind": "caller_declared",
          "blocked_on": "operation identity not consumed by codegen's generators"
        }
      },
      "result": {
        "disposition": "generated",
        "environment_symbol": "environment_c1ba86b67ce3b9390a347abd17c61969054dc776695ced70b08fa8e63db1ce73",
        "oracle_symbol": "oracle_c1ba86b67ce3b9390a347abd17c61969054dc776695ced70b08fa8e63db1ce73",
        "ir_id": {
          "domain": "quire.contract-ir.semantic/v1",
          "algorithm": "sha256",
          "digest": "7181f1aae834b07dce52bed7697777d824fdb0c10e7ab011d2aa38abd2986fa1"
        },
        "package_id": {
          "domain": "quire.package.semantic/v2",
          "algorithm": "sha256",
          "digest": "d51704639f9d3151c5e2407ac02be8517b5171641c5d41c8e72aa9f8bf2c13ac"
        },
        "semantic_type": {
          "domain": "quire.checked-semantic-node/v1",
          "digest": "0000000000000000000000000000000000000000000000000000000000000001"
        },
        "source_map": [
          {
            "node_id": {
              "domain": "quire.checked-semantic-node/v1",
              "digest": "fce1a138623aa590d569fac975385385e487d4e3747a87fa2cb63d0ee90ce8e1"
            },
            "role": "declaration",
            "ordinal": 0,
            "regions": [
              {
                "source": {
                  "authority": "agent-ix",
                  "identity": "example",
                  "revision": {
                    "namespace": "git",
                    "value": "1"
                  },
                  "digest_domain": "quire.source.bytes/v1",
                  "digest": "2222222222222222222222222222222222222222222222222222222222222222"
                },
                "start": 56,
                "end": 57
              }
            ]
          }
        ],
        "claims": [],
        "descriptor": {
          "operator": "equal",
          "left_source_type": {
            "domain": "quire.checked-semantic-node/v1",
            "digest": "0000000000000000000000000000000000000000000000000000000000000009"
          },
          "left_conversion_target": {
            "domain": "quire.checked-semantic-node/v1",
            "digest": "0000000000000000000000000000000000000000000000000000000000000018"
          },
          "right_source_type": {
            "domain": "quire.checked-semantic-node/v1",
            "digest": "0000000000000000000000000000000000000000000000000000000000000018"
          },
          "right_conversion_target": null
        },
        "declaration_keys": [],
        "declaration_runtime_keys": [],
        "schedule": "plan"
      }
    }
  ]
}
