{
  "version": "quire.codegen.composite-equality-claim-map/v1",
  "package_id": {
    "domain": "quire.package.semantic/v2",
    "algorithm": "sha256",
    "digest": "ce8359f09eb83ae2974f0e4db9e9931db1dd87c0a3273edb3e38693bf768b642"
  },
  "runtime_revision": "4e330525be513fe57c67717dc22b969d36656b85",
  "blocked": [
    "operation identity not carried by CheckedPackage V2"
  ],
  "items": [
    {
      "node_id": {
        "domain": "quire.checked-semantic-node/v1",
        "digest": "0807216ac6804ed74b30975d9f7522e05624f951b66c21a6b3232e3d018d9f9a"
      },
      "operation": {
        "identity": "equality.equal",
        "provenance": {
          "kind": "caller_declared",
          "blocked_on": "operation identity not carried by CheckedPackage V2"
        }
      },
      "result": {
        "disposition": "generated",
        "environment_symbol": "environment_c8a0153c51c069e747ab6517fdbf01a6b945368678bc6d28c462ac8bae0e20b3",
        "oracle_symbol": "oracle_c8a0153c51c069e747ab6517fdbf01a6b945368678bc6d28c462ac8bae0e20b3",
        "ir_id": {
          "domain": "quire.contract-ir.semantic/v1",
          "algorithm": "sha256",
          "digest": "73c59553d939cad1de19aff2d54947c630e9d15f768bfb67f3278e08940cffc5"
        },
        "package_id": {
          "domain": "quire.package.semantic/v2",
          "algorithm": "sha256",
          "digest": "ce8359f09eb83ae2974f0e4db9e9931db1dd87c0a3273edb3e38693bf768b642"
        },
        "semantic_type": {
          "domain": "quire.checked-semantic-node/v1",
          "digest": "0000000000000000000000000000000000000000000000000000000000000001"
        },
        "source_map": [
          {
            "node_id": {
              "domain": "quire.checked-semantic-node/v1",
              "digest": "0807216ac6804ed74b30975d9f7522e05624f951b66c21a6b3232e3d018d9f9a"
            },
            "role": "declaration",
            "ordinal": 0,
            "regions": [
              {
                "source": {
                  "authority": "agent-ix",
                  "identity": "example",
                  "revision": {
                    "namespace": "git",
                    "value": "1"
                  },
                  "digest_domain": "quire.source.bytes/v1",
                  "digest": "2222222222222222222222222222222222222222222222222222222222222222"
                },
                "start": 34,
                "end": 35
              }
            ]
          }
        ],
        "claims": [],
        "descriptor": {
          "operator": "equal",
          "left_source_type": {
            "domain": "quire.checked-semantic-node/v1",
            "digest": "7928f1e1b570335b404c8d21c66da8a3b8e37e434b0ebc622f80285488811562"
          },
          "left_conversion_target": null,
          "right_source_type": {
            "domain": "quire.checked-semantic-node/v1",
            "digest": "7928f1e1b570335b404c8d21c66da8a3b8e37e434b0ebc622f80285488811562"
          },
          "right_conversion_target": null
        },
        "declaration_keys": [],
        "declaration_runtime_keys": [],
        "schedule": "enum"
      }
    },
    {
      "node_id": {
        "domain": "quire.checked-semantic-node/v1",
        "digest": "32672dede1aff4d734d4fbca54c08201d20c8c068e4f259d21556f70e9b70ae6"
      },
      "operation": {
        "identity": "equality.equal",
        "provenance": {
          "kind": "caller_declared",
          "blocked_on": "operation identity not carried by CheckedPackage V2"
        }
      },
      "result": {
        "disposition": "generated",
        "environment_symbol": "environment_83f5f53cb8c7356be4fbd84ebec17b605fa917f4b4131dc8bd0df19ad7477377",
        "oracle_symbol": "oracle_83f5f53cb8c7356be4fbd84ebec17b605fa917f4b4131dc8bd0df19ad7477377",
        "ir_id": {
          "domain": "quire.contract-ir.semantic/v1",
          "algorithm": "sha256",
          "digest": "cef1c0928e11a7adb0b0a4ea62c09144efe6e495ad83a30e6733502d03175e4a"
        },
        "package_id": {
          "domain": "quire.package.semantic/v2",
          "algorithm": "sha256",
          "digest": "ce8359f09eb83ae2974f0e4db9e9931db1dd87c0a3273edb3e38693bf768b642"
        },
        "semantic_type": {
          "domain": "quire.checked-semantic-node/v1",
          "digest": "0000000000000000000000000000000000000000000000000000000000000001"
        },
        "source_map": [
          {
            "node_id": {
              "domain": "quire.checked-semantic-node/v1",
              "digest": "32672dede1aff4d734d4fbca54c08201d20c8c068e4f259d21556f70e9b70ae6"
            },
            "role": "declaration",
            "ordinal": 0,
            "regions": [
              {
                "source": {
                  "authority": "agent-ix",
                  "identity": "example",
                  "revision": {
                    "namespace": "git",
                    "value": "1"
                  },
                  "digest_domain": "quire.source.bytes/v1",
                  "digest": "2222222222222222222222222222222222222222222222222222222222222222"
                },
                "start": 43,
                "end": 44
              }
            ]
          }
        ],
        "claims": [],
        "descriptor": {
          "operator": "equal",
          "left_source_type": {
            "domain": "quire.checked-semantic-node/v1",
            "digest": "0000000000000000000000000000000000000000000000000000000000000007"
          },
          "left_conversion_target": {
            "domain": "quire.checked-semantic-node/v1",
            "digest": "0000000000000000000000000000000000000000000000000000000000000009"
          },
          "right_source_type": {
            "domain": "quire.checked-semantic-node/v1",
            "digest": "0000000000000000000000000000000000000000000000000000000000000009"
          },
          "right_conversion_target": null
        },
        "declaration_keys": [],
        "declaration_runtime_keys": [],
        "schedule": "plan"
      }
    },
    {
      "node_id": {
        "domain": "quire.checked-semantic-node/v1",
        "digest": "7ceb653bfada693032dfc0ca711bf3178fb65d0025f43b5828936f324d6b4689"
      },
      "operation": {
        "identity": "equality.equal",
        "provenance": {
          "kind": "caller_declared",
          "blocked_on": "operation identity not carried by CheckedPackage V2"
        }
      },
      "result": {
        "disposition": "generated",
        "environment_symbol": "environment_0738454117f186fcce31dedcd1df0a76e2de87235bd8e5f0904ae80a8da04d78",
        "oracle_symbol": "oracle_0738454117f186fcce31dedcd1df0a76e2de87235bd8e5f0904ae80a8da04d78",
        "ir_id": {
          "domain": "quire.contract-ir.semantic/v1",
          "algorithm": "sha256",
          "digest": "38601f42cdf99745fcd0d1bc178e2c74f034f9e0c1cde5e822388737faf48245"
        },
        "package_id": {
          "domain": "quire.package.semantic/v2",
          "algorithm": "sha256",
          "digest": "ce8359f09eb83ae2974f0e4db9e9931db1dd87c0a3273edb3e38693bf768b642"
        },
        "semantic_type": {
          "domain": "quire.checked-semantic-node/v1",
          "digest": "0000000000000000000000000000000000000000000000000000000000000001"
        },
        "source_map": [
          {
            "node_id": {
              "domain": "quire.checked-semantic-node/v1",
              "digest": "7ceb653bfada693032dfc0ca711bf3178fb65d0025f43b5828936f324d6b4689"
            },
            "role": "declaration",
            "ordinal": 0,
            "regions": [
              {
                "source": {
                  "authority": "agent-ix",
                  "identity": "example",
                  "revision": {
                    "namespace": "git",
                    "value": "1"
                  },
                  "digest_domain": "quire.source.bytes/v1",
                  "digest": "2222222222222222222222222222222222222222222222222222222222222222"
                },
                "start": 33,
                "end": 34
              }
            ]
          }
        ],
        "claims": [],
        "descriptor": {
          "operator": "equal",
          "left_source_type": {
            "domain": "quire.checked-semantic-node/v1",
            "digest": "0000000000000000000000000000000000000000000000000000000000000003"
          },
          "left_conversion_target": null,
          "right_source_type": {
            "domain": "quire.checked-semantic-node/v1",
            "digest": "0000000000000000000000000000000000000000000000000000000000000003"
          },
          "right_conversion_target": null
        },
        "declaration_keys": [],
        "declaration_runtime_keys": [],
        "schedule": "text"
      }
    },
    {
      "node_id": {
        "domain": "quire.checked-semantic-node/v1",
        "digest": "90cf5779e1df7addbab9c1e31e8a195e33ffb49c9b9bd59d2fdc9b237499ab44"
      },
      "operation": {
        "identity": "equality.equal",
        "provenance": {
          "kind": "caller_declared",
          "blocked_on": "operation identity not carried by CheckedPackage V2"
        }
      },
      "result": {
        "disposition": "generated",
        "environment_symbol": "environment_f8fb4c57dd095d0a8e9b3423eb04949030fc032b20be737a91acfa39ebdf10f9",
        "oracle_symbol": "oracle_f8fb4c57dd095d0a8e9b3423eb04949030fc032b20be737a91acfa39ebdf10f9",
        "ir_id": {
          "domain": "quire.contract-ir.semantic/v1",
          "algorithm": "sha256",
          "digest": "be5e1f593556f2e25f9eeeb3ed548fd2d43d2509a460ca5addfee1710bf0e5e1"
        },
        "package_id": {
          "domain": "quire.package.semantic/v2",
          "algorithm": "sha256",
          "digest": "ce8359f09eb83ae2974f0e4db9e9931db1dd87c0a3273edb3e38693bf768b642"
        },
        "semantic_type": {
          "domain": "quire.checked-semantic-node/v1",
          "digest": "0000000000000000000000000000000000000000000000000000000000000001"
        },
        "source_map": [
          {
            "node_id": {
              "domain": "quire.checked-semantic-node/v1",
              "digest": "90cf5779e1df7addbab9c1e31e8a195e33ffb49c9b9bd59d2fdc9b237499ab44"
            },
            "role": "declaration",
            "ordinal": 0,
            "regions": [
              {
                "source": {
                  "authority": "agent-ix",
                  "identity": "example",
                  "revision": {
                    "namespace": "git",
                    "value": "1"
                  },
                  "digest_domain": "quire.source.bytes/v1",
                  "digest": "2222222222222222222222222222222222222222222222222222222222222222"
                },
                "start": 39,
                "end": 40
              }
            ]
          }
        ],
        "claims": [],
        "descriptor": {
          "operator": "equal",
          "left_source_type": {
            "domain": "quire.checked-semantic-node/v1",
            "digest": "0000000000000000000000000000000000000000000000000000000000000029"
          },
          "left_conversion_target": null,
          "right_source_type": {
            "domain": "quire.checked-semantic-node/v1",
            "digest": "0000000000000000000000000000000000000000000000000000000000000029"
          },
          "right_conversion_target": null
        },
        "declaration_keys": [
          {
            "domain": "quire.checked-semantic-node/v1",
            "digest": "0000000000000000000000000000000000000000000000000000000000000029"
          }
        ],
        "declaration_runtime_keys": [
          "0000000000000000000000000000000000000000000000000000000000000029"
        ],
        "schedule": "plan"
      }
    },
    {
      "node_id": {
        "domain": "quire.checked-semantic-node/v1",
        "digest": "a230d1686b6276c0cfce1548846bd2bab86dcb092f031885d48f581558dbc73e"
      },
      "operation": {
        "identity": "equality.equal",
        "provenance": {
          "kind": "caller_declared",
          "blocked_on": "operation identity not carried by CheckedPackage V2"
        }
      },
      "result": {
        "disposition": "generated",
        "environment_symbol": "environment_2887c4ffdef9907f60d23d33da7e0715dacad2f86ba514273bb2c958a9985a80",
        "oracle_symbol": "oracle_2887c4ffdef9907f60d23d33da7e0715dacad2f86ba514273bb2c958a9985a80",
        "ir_id": {
          "domain": "quire.contract-ir.semantic/v1",
          "algorithm": "sha256",
          "digest": "587bfcadf58184a91b35afc93f8895b65e83db3e03b436c78e34014a986b8aa8"
        },
        "package_id": {
          "domain": "quire.package.semantic/v2",
          "algorithm": "sha256",
          "digest": "ce8359f09eb83ae2974f0e4db9e9931db1dd87c0a3273edb3e38693bf768b642"
        },
        "semantic_type": {
          "domain": "quire.checked-semantic-node/v1",
          "digest": "0000000000000000000000000000000000000000000000000000000000000001"
        },
        "source_map": [
          {
            "node_id": {
              "domain": "quire.checked-semantic-node/v1",
              "digest": "a230d1686b6276c0cfce1548846bd2bab86dcb092f031885d48f581558dbc73e"
            },
            "role": "declaration",
            "ordinal": 0,
            "regions": [
              {
                "source": {
                  "authority": "agent-ix",
                  "identity": "example",
                  "revision": {
                    "namespace": "git",
                    "value": "1"
                  },
                  "digest_domain": "quire.source.bytes/v1",
                  "digest": "2222222222222222222222222222222222222222222222222222222222222222"
                },
                "start": 31,
                "end": 32
              }
            ]
          }
        ],
        "claims": [],
        "descriptor": {
          "operator": "equal",
          "left_source_type": {
            "domain": "quire.checked-semantic-node/v1",
            "digest": "0000000000000000000000000000000000000000000000000000000000000024"
          },
          "left_conversion_target": null,
          "right_source_type": {
            "domain": "quire.checked-semantic-node/v1",
            "digest": "0000000000000000000000000000000000000000000000000000000000000024"
          },
          "right_conversion_target": null
        },
        "declaration_keys": [
          {
            "domain": "quire.checked-semantic-node/v1",
            "digest": "0000000000000000000000000000000000000000000000000000000000000024"
          }
        ],
        "declaration_runtime_keys": [
          "0000000000000000000000000000000000000000000000000000000000000024"
        ],
        "schedule": "plan"
      }
    },
    {
      "node_id": {
        "domain": "quire.checked-semantic-node/v1",
        "digest": "cac6b6191bcbc5a7f6ca7829429f974ce3da46c3193dcc3775bee96655e875ea"
      },
      "operation": {
        "identity": "equality.equal",
        "provenance": {
          "kind": "caller_declared",
          "blocked_on": "operation identity not carried by CheckedPackage V2"
        }
      },
      "result": {
        "disposition": "generated",
        "environment_symbol": "environment_c796e5e376e39ec3c4c097309b1bd5b8828d9a2c1b6a3f847346cf5e6be6d875",
        "oracle_symbol": "oracle_c796e5e376e39ec3c4c097309b1bd5b8828d9a2c1b6a3f847346cf5e6be6d875",
        "ir_id": {
          "domain": "quire.contract-ir.semantic/v1",
          "algorithm": "sha256",
          "digest": "80ff7cae7cff446153d57addc7c5fc81d05a4970df3aef57fe21307869cdb0d9"
        },
        "package_id": {
          "domain": "quire.package.semantic/v2",
          "algorithm": "sha256",
          "digest": "ce8359f09eb83ae2974f0e4db9e9931db1dd87c0a3273edb3e38693bf768b642"
        },
        "semantic_type": {
          "domain": "quire.checked-semantic-node/v1",
          "digest": "0000000000000000000000000000000000000000000000000000000000000001"
        },
        "source_map": [
          {
            "node_id": {
              "domain": "quire.checked-semantic-node/v1",
              "digest": "cac6b6191bcbc5a7f6ca7829429f974ce3da46c3193dcc3775bee96655e875ea"
            },
            "role": "declaration",
            "ordinal": 0,
            "regions": [
              {
                "source": {
                  "authority": "agent-ix",
                  "identity": "example",
                  "revision": {
                    "namespace": "git",
                    "value": "1"
                  },
                  "digest_domain": "quire.source.bytes/v1",
                  "digest": "2222222222222222222222222222222222222222222222222222222222222222"
                },
                "start": 29,
                "end": 30
              }
            ]
          }
        ],
        "claims": [],
        "descriptor": {
          "operator": "equal",
          "left_source_type": {
            "domain": "quire.checked-semantic-node/v1",
            "digest": "0000000000000000000000000000000000000000000000000000000000000020"
          },
          "left_conversion_target": null,
          "right_source_type": {
            "domain": "quire.checked-semantic-node/v1",
            "digest": "0000000000000000000000000000000000000000000000000000000000000020"
          },
          "right_conversion_target": null
        },
        "declaration_keys": [
          {
            "domain": "quire.checked-semantic-node/v1",
            "digest": "0000000000000000000000000000000000000000000000000000000000000020"
          }
        ],
        "declaration_runtime_keys": [
          "0000000000000000000000000000000000000000000000000000000000000020"
        ],
        "schedule": "plan"
      }
    },
    {
      "node_id": {
        "domain": "quire.checked-semantic-node/v1",
        "digest": "cac6b6191bcbc5a7f6ca7829429f974ce3da46c3193dcc3775bee96655e875ea"
      },
      "operation": {
        "identity": "equality.not_equal",
        "provenance": {
          "kind": "caller_declared",
          "blocked_on": "operation identity not carried by CheckedPackage V2"
        }
      },
      "result": {
        "disposition": "generated",
        "environment_symbol": "environment_ea7bec18651985a40e4af127afe04717782b0f719095c6503772c2302b6d08d5",
        "oracle_symbol": "oracle_ea7bec18651985a40e4af127afe04717782b0f719095c6503772c2302b6d08d5",
        "ir_id": {
          "domain": "quire.contract-ir.semantic/v1",
          "algorithm": "sha256",
          "digest": "80ff7cae7cff446153d57addc7c5fc81d05a4970df3aef57fe21307869cdb0d9"
        },
        "package_id": {
          "domain": "quire.package.semantic/v2",
          "algorithm": "sha256",
          "digest": "ce8359f09eb83ae2974f0e4db9e9931db1dd87c0a3273edb3e38693bf768b642"
        },
        "semantic_type": {
          "domain": "quire.checked-semantic-node/v1",
          "digest": "0000000000000000000000000000000000000000000000000000000000000001"
        },
        "source_map": [
          {
            "node_id": {
              "domain": "quire.checked-semantic-node/v1",
              "digest": "cac6b6191bcbc5a7f6ca7829429f974ce3da46c3193dcc3775bee96655e875ea"
            },
            "role": "declaration",
            "ordinal": 0,
            "regions": [
              {
                "source": {
                  "authority": "agent-ix",
                  "identity": "example",
                  "revision": {
                    "namespace": "git",
                    "value": "1"
                  },
                  "digest_domain": "quire.source.bytes/v1",
                  "digest": "2222222222222222222222222222222222222222222222222222222222222222"
                },
                "start": 29,
                "end": 30
              }
            ]
          }
        ],
        "claims": [],
        "descriptor": {
          "operator": "not_equal",
          "left_source_type": {
            "domain": "quire.checked-semantic-node/v1",
            "digest": "0000000000000000000000000000000000000000000000000000000000000020"
          },
          "left_conversion_target": null,
          "right_source_type": {
            "domain": "quire.checked-semantic-node/v1",
            "digest": "0000000000000000000000000000000000000000000000000000000000000020"
          },
          "right_conversion_target": null
        },
        "declaration_keys": [
          {
            "domain": "quire.checked-semantic-node/v1",
            "digest": "0000000000000000000000000000000000000000000000000000000000000020"
          }
        ],
        "declaration_runtime_keys": [
          "0000000000000000000000000000000000000000000000000000000000000020"
        ],
        "schedule": "plan"
      }
    },
    {
      "node_id": {
        "domain": "quire.checked-semantic-node/v1",
        "digest": "d632e000fc15b8c6889eb9c63a29be9f42576e0dc33ad10d5fcdae8bd4b93686"
      },
      "operation": {
        "identity": "equality.equal",
        "provenance": {
          "kind": "caller_declared",
          "blocked_on": "operation identity not carried by CheckedPackage V2"
        }
      },
      "result": {
        "disposition": "generated",
        "environment_symbol": "environment_ee2f1302f9301a7a99ab064d3bb472fa29f98b1c365dbb3812e40c7f6af96a1f",
        "oracle_symbol": "oracle_ee2f1302f9301a7a99ab064d3bb472fa29f98b1c365dbb3812e40c7f6af96a1f",
        "ir_id": {
          "domain": "quire.contract-ir.semantic/v1",
          "algorithm": "sha256",
          "digest": "6366a3b0741df4c225f960b6b6cd9a0933fab4ae6e10bf017e78b75ccc5abfd9"
        },
        "package_id": {
          "domain": "quire.package.semantic/v2",
          "algorithm": "sha256",
          "digest": "ce8359f09eb83ae2974f0e4db9e9931db1dd87c0a3273edb3e38693bf768b642"
        },
        "semantic_type": {
          "domain": "quire.checked-semantic-node/v1",
          "digest": "0000000000000000000000000000000000000000000000000000000000000001"
        },
        "source_map": [
          {
            "node_id": {
              "domain": "quire.checked-semantic-node/v1",
              "digest": "d632e000fc15b8c6889eb9c63a29be9f42576e0dc33ad10d5fcdae8bd4b93686"
            },
            "role": "declaration",
            "ordinal": 0,
            "regions": [
              {
                "source": {
                  "authority": "agent-ix",
                  "identity": "example",
                  "revision": {
                    "namespace": "git",
                    "value": "1"
                  },
                  "digest_domain": "quire.source.bytes/v1",
                  "digest": "2222222222222222222222222222222222222222222222222222222222222222"
                },
                "start": 41,
                "end": 42
              }
            ]
          }
        ],
        "claims": [],
        "descriptor": {
          "operator": "equal",
          "left_source_type": {
            "domain": "quire.checked-semantic-node/v1",
            "digest": "0000000000000000000000000000000000000000000000000000000000000032"
          },
          "left_conversion_target": null,
          "right_source_type": {
            "domain": "quire.checked-semantic-node/v1",
            "digest": "0000000000000000000000000000000000000000000000000000000000000032"
          },
          "right_conversion_target": null
        },
        "declaration_keys": [],
        "declaration_runtime_keys": [],
        "schedule": "plan"
      }
    },
    {
      "node_id": {
        "domain": "quire.checked-semantic-node/v1",
        "digest": "d6b8253e83da2bf2685d69c3836f0cafc98768a65dd5f6b6e8b52b865ecd539b"
      },
      "operation": {
        "identity": "equality.equal",
        "provenance": {
          "kind": "caller_declared",
          "blocked_on": "operation identity not carried by CheckedPackage V2"
        }
      },
      "result": {
        "disposition": "generated",
        "environment_symbol": "environment_2d51f5686b743ee7fe36a6dc062be74bf416c609bb0bec4c13e1fb9ec096d981",
        "oracle_symbol": "oracle_2d51f5686b743ee7fe36a6dc062be74bf416c609bb0bec4c13e1fb9ec096d981",
        "ir_id": {
          "domain": "quire.contract-ir.semantic/v1",
          "algorithm": "sha256",
          "digest": "40d28ce20fa914f4b20c860a472541666fdf1b2bb501c4420781df82cc972211"
        },
        "package_id": {
          "domain": "quire.package.semantic/v2",
          "algorithm": "sha256",
          "digest": "ce8359f09eb83ae2974f0e4db9e9931db1dd87c0a3273edb3e38693bf768b642"
        },
        "semantic_type": {
          "domain": "quire.checked-semantic-node/v1",
          "digest": "0000000000000000000000000000000000000000000000000000000000000001"
        },
        "source_map": [
          {
            "node_id": {
              "domain": "quire.checked-semantic-node/v1",
              "digest": "d6b8253e83da2bf2685d69c3836f0cafc98768a65dd5f6b6e8b52b865ecd539b"
            },
            "role": "declaration",
            "ordinal": 0,
            "regions": [
              {
                "source": {
                  "authority": "agent-ix",
                  "identity": "example",
                  "revision": {
                    "namespace": "git",
                    "value": "1"
                  },
                  "digest_domain": "quire.source.bytes/v1",
                  "digest": "2222222222222222222222222222222222222222222222222222222222222222"
                },
                "start": 42,
                "end": 43
              }
            ]
          }
        ],
        "claims": [],
        "descriptor": {
          "operator": "equal",
          "left_source_type": {
            "domain": "quire.checked-semantic-node/v1",
            "digest": "0000000000000000000000000000000000000000000000000000000000000031"
          },
          "left_conversion_target": null,
          "right_source_type": {
            "domain": "quire.checked-semantic-node/v1",
            "digest": "0000000000000000000000000000000000000000000000000000000000000031"
          },
          "right_conversion_target": null
        },
        "declaration_keys": [
          {
            "domain": "quire.checked-semantic-node/v1",
            "digest": "0000000000000000000000000000000000000000000000000000000000000020"
          },
          {
            "domain": "quire.checked-semantic-node/v1",
            "digest": "0000000000000000000000000000000000000000000000000000000000000031"
          }
        ],
        "declaration_runtime_keys": [
          "0000000000000000000000000000000000000000000000000000000000000020",
          "0000000000000000000000000000000000000000000000000000000000000031"
        ],
        "schedule": "plan"
      }
    },
    {
      "node_id": {
        "domain": "quire.checked-semantic-node/v1",
        "digest": "dc138f619c8a62621245599a165c1f594fe72ff81ed9774f6aff9b4a3edb412d"
      },
      "operation": {
        "identity": "equality.equal",
        "provenance": {
          "kind": "caller_declared",
          "blocked_on": "operation identity not carried by CheckedPackage V2"
        }
      },
      "result": {
        "disposition": "generated",
        "environment_symbol": "environment_faa5cbb23e2cf24d67cc09c91884a3ada215c4a24843df16a8ab4a29dba89d85",
        "oracle_symbol": "oracle_faa5cbb23e2cf24d67cc09c91884a3ada215c4a24843df16a8ab4a29dba89d85",
        "ir_id": {
          "domain": "quire.contract-ir.semantic/v1",
          "algorithm": "sha256",
          "digest": "e6eec1b5324afb2c3ddc4ebcdeb6bccfc7c4cf22752f8497f1eb2d3242597a00"
        },
        "package_id": {
          "domain": "quire.package.semantic/v2",
          "algorithm": "sha256",
          "digest": "ce8359f09eb83ae2974f0e4db9e9931db1dd87c0a3273edb3e38693bf768b642"
        },
        "semantic_type": {
          "domain": "quire.checked-semantic-node/v1",
          "digest": "0000000000000000000000000000000000000000000000000000000000000001"
        },
        "source_map": [
          {
            "node_id": {
              "domain": "quire.checked-semantic-node/v1",
              "digest": "dc138f619c8a62621245599a165c1f594fe72ff81ed9774f6aff9b4a3edb412d"
            },
            "role": "declaration",
            "ordinal": 0,
            "regions": [
              {
                "source": {
                  "authority": "agent-ix",
                  "identity": "example",
                  "revision": {
                    "namespace": "git",
                    "value": "1"
                  },
                  "digest_domain": "quire.source.bytes/v1",
                  "digest": "2222222222222222222222222222222222222222222222222222222222222222"
                },
                "start": 32,
                "end": 33
              }
            ]
          }
        ],
        "claims": [],
        "descriptor": {
          "operator": "equal",
          "left_source_type": {
            "domain": "quire.checked-semantic-node/v1",
            "digest": "0000000000000000000000000000000000000000000000000000000000000025"
          },
          "left_conversion_target": null,
          "right_source_type": {
            "domain": "quire.checked-semantic-node/v1",
            "digest": "0000000000000000000000000000000000000000000000000000000000000025"
          },
          "right_conversion_target": null
        },
        "declaration_keys": [],
        "declaration_runtime_keys": [],
        "schedule": "plan"
      }
    },
    {
      "node_id": {
        "domain": "quire.checked-semantic-node/v1",
        "digest": "ff8ecb5798c4d53d3186124e660a1518e10bdd0603c3da44b4d60f5489c7fdfa"
      },
      "operation": {
        "identity": "equality.equal",
        "provenance": {
          "kind": "caller_declared",
          "blocked_on": "operation identity not carried by CheckedPackage V2"
        }
      },
      "result": {
        "disposition": "generated",
        "environment_symbol": "environment_7824d5d57da98145530bfd079c89bb3a81ab93c52c4206592c5fedf59a0eeebb",
        "oracle_symbol": "oracle_7824d5d57da98145530bfd079c89bb3a81ab93c52c4206592c5fedf59a0eeebb",
        "ir_id": {
          "domain": "quire.contract-ir.semantic/v1",
          "algorithm": "sha256",
          "digest": "64c842d5d27c5663d170930ba1af7d4dd498c14ca51675d0c440cd42e8f06d3d"
        },
        "package_id": {
          "domain": "quire.package.semantic/v2",
          "algorithm": "sha256",
          "digest": "ce8359f09eb83ae2974f0e4db9e9931db1dd87c0a3273edb3e38693bf768b642"
        },
        "semantic_type": {
          "domain": "quire.checked-semantic-node/v1",
          "digest": "0000000000000000000000000000000000000000000000000000000000000001"
        },
        "source_map": [
          {
            "node_id": {
              "domain": "quire.checked-semantic-node/v1",
              "digest": "ff8ecb5798c4d53d3186124e660a1518e10bdd0603c3da44b4d60f5489c7fdfa"
            },
            "role": "declaration",
            "ordinal": 0,
            "regions": [
              {
                "source": {
                  "authority": "agent-ix",
                  "identity": "example",
                  "revision": {
                    "namespace": "git",
                    "value": "1"
                  },
                  "digest_domain": "quire.source.bytes/v1",
                  "digest": "2222222222222222222222222222222222222222222222222222222222222222"
                },
                "start": 40,
                "end": 41
              }
            ]
          }
        ],
        "claims": [],
        "descriptor": {
          "operator": "equal",
          "left_source_type": {
            "domain": "quire.checked-semantic-node/v1",
            "digest": "0000000000000000000000000000000000000000000000000000000000000007"
          },
          "left_conversion_target": {
            "domain": "quire.checked-semantic-node/v1",
            "digest": "0000000000000000000000000000000000000000000000000000000000000002"
          },
          "right_source_type": {
            "domain": "quire.checked-semantic-node/v1",
            "digest": "0000000000000000000000000000000000000000000000000000000000000002"
          },
          "right_conversion_target": null
        },
        "declaration_keys": [],
        "declaration_runtime_keys": [],
        "schedule": "plan"
      }
    }
  ]
}
