[package]
name = "quire-exact-scalar-oracles"
version = "0.0.0"
edition = "2021"
publish = false

[lib]
path = "src/lib.rs"

[dependencies]
quire-contract-runtime = { git = "https://github.com/agent-ix/quire-contract-runtime", rev = "c52442a56a879cb5ce02a63bcbe430b85bf74a6d", features = ["exact"] }

[lints.rust]
unsafe_code = "forbid"

[workspace]
